Archive member included to satisfy reference by file (symbol)

c:/intelfpga_lite/18.1/nios2eds/bin/gnu/h-x86_64-mingw32/bin/../lib/gcc/nios2-elf/5.3.0/../../../../../H-x86_64-mingw32/nios2-elf/lib\libsmallc.a(lib_a-printf.o)
                              obj/default/imx421.o (printf)
c:/intelfpga_lite/18.1/nios2eds/bin/gnu/h-x86_64-mingw32/bin/../lib/gcc/nios2-elf/5.3.0/../../../../../H-x86_64-mingw32/nios2-elf/lib\libsmallc.a(lib_a-puts.o)
                              obj/default/main.o (puts)
c:/intelfpga_lite/18.1/nios2eds/bin/gnu/h-x86_64-mingw32/bin/../lib/gcc/nios2-elf/5.3.0/../../../../../H-x86_64-mingw32/nios2-elf/lib\libsmallc.a(lib_a-strlen.o)
                              c:/intelfpga_lite/18.1/nios2eds/bin/gnu/h-x86_64-mingw32/bin/../lib/gcc/nios2-elf/5.3.0/../../../../../H-x86_64-mingw32/nios2-elf/lib\libsmallc.a(lib_a-puts.o) (strlen)
c:/intelfpga_lite/18.1/nios2eds/bin/gnu/h-x86_64-mingw32/bin/../lib/gcc/nios2-elf/5.3.0/../../../../../H-x86_64-mingw32/nios2-elf/lib\libsmallc.a(lib_a-vfprintf.o)
                              c:/intelfpga_lite/18.1/nios2eds/bin/gnu/h-x86_64-mingw32/bin/../lib/gcc/nios2-elf/5.3.0/../../../../../H-x86_64-mingw32/nios2-elf/lib\libsmallc.a(lib_a-printf.o) (___vfprintf_internal_r)
c:/intelfpga_lite/18.1/nios2eds/bin/gnu/h-x86_64-mingw32/bin/../lib/gcc/nios2-elf/5.3.0/../../../../../H-x86_64-mingw32/nios2-elf/lib\libsmallc.a(lib_a-fvwrite_small_dev.o)
                              c:/intelfpga_lite/18.1/nios2eds/bin/gnu/h-x86_64-mingw32/bin/../lib/gcc/nios2-elf/5.3.0/../../../../../H-x86_64-mingw32/nios2-elf/lib\libsmallc.a(lib_a-printf.o) (__sfvwrite_small_dev)
c:/intelfpga_lite/18.1/nios2eds/bin/gnu/h-x86_64-mingw32/bin/../lib/gcc/nios2-elf/5.3.0/../../../../../H-x86_64-mingw32/nios2-elf/lib\libsmallc.a(lib_a-impure.o)
                              c:/intelfpga_lite/18.1/nios2eds/bin/gnu/h-x86_64-mingw32/bin/../lib/gcc/nios2-elf/5.3.0/../../../../../H-x86_64-mingw32/nios2-elf/lib\libsmallc.a(lib_a-printf.o) (_impure_ptr)
c:/intelfpga_lite/18.1/nios2eds/bin/gnu/h-x86_64-mingw32/bin/../lib/gcc/nios2-elf/5.3.0/../../../../../H-x86_64-mingw32/nios2-elf/lib\libsmallc.a(lib_a-writer.o)
                              c:/intelfpga_lite/18.1/nios2eds/bin/gnu/h-x86_64-mingw32/bin/../lib/gcc/nios2-elf/5.3.0/../../../../../H-x86_64-mingw32/nios2-elf/lib\libsmallc.a(lib_a-fvwrite_small_dev.o) (_write_r)
c:/intelfpga_lite/18.1/nios2eds/bin/gnu/h-x86_64-mingw32/bin/../lib/gcc/nios2-elf/5.3.0/../../../../../H-x86_64-mingw32/nios2-elf/lib\libsmallc.a(lib_a-int_errno.o)
                              c:/intelfpga_lite/18.1/nios2eds/bin/gnu/h-x86_64-mingw32/bin/../lib/gcc/nios2-elf/5.3.0/../../../../../H-x86_64-mingw32/nios2-elf/lib\libsmallc.a(lib_a-writer.o) (errno)
c:/intelfpga_lite/18.1/nios2eds/bin/gnu/h-x86_64-mingw32/bin/../lib/gcc/nios2-elf/5.3.0\libgcc.a(lib2-divmod.o)
                              c:/intelfpga_lite/18.1/nios2eds/bin/gnu/h-x86_64-mingw32/bin/../lib/gcc/nios2-elf/5.3.0/../../../../../H-x86_64-mingw32/nios2-elf/lib\libsmallc.a(lib_a-vfprintf.o) (__udivsi3)
../c5_niosii_spi_slvsec_bsp/\libhal_bsp.a(alt_iic.o)
                              obj/default/main.o (alt_ic_isr_register)
../c5_niosii_spi_slvsec_bsp/\libhal_bsp.a(alt_iic_isr_register.o)
                              ../c5_niosii_spi_slvsec_bsp/\libhal_bsp.a(alt_iic.o) (alt_iic_isr_register)
../c5_niosii_spi_slvsec_bsp/\libhal_bsp.a(alt_irq_entry.o)
                              ../c5_niosii_spi_slvsec_bsp/\libhal_bsp.a(alt_iic_isr_register.o) (alt_irq_entry)
../c5_niosii_spi_slvsec_bsp/\libhal_bsp.a(alt_irq_handler.o)
                              ../c5_niosii_spi_slvsec_bsp/\libhal_bsp.a(alt_iic_isr_register.o) (alt_irq_handler)
../c5_niosii_spi_slvsec_bsp/\libhal_bsp.a(alt_irq_vars.o)
                              ../c5_niosii_spi_slvsec_bsp/\libhal_bsp.a(alt_iic.o) (alt_irq_active)
../c5_niosii_spi_slvsec_bsp/\libhal_bsp.a(alt_load.o)
                              ../c5_niosii_spi_slvsec_bsp//obj/HAL/src/crt0.o (alt_load)
../c5_niosii_spi_slvsec_bsp/\libhal_bsp.a(alt_main.o)
                              ../c5_niosii_spi_slvsec_bsp//obj/HAL/src/crt0.o (alt_main)
../c5_niosii_spi_slvsec_bsp/\libhal_bsp.a(alt_usleep.o)
                              obj/default/imx421.o (usleep)
../c5_niosii_spi_slvsec_bsp/\libhal_bsp.a(alt_write.o)
                              c:/intelfpga_lite/18.1/nios2eds/bin/gnu/h-x86_64-mingw32/bin/../lib/gcc/nios2-elf/5.3.0/../../../../../H-x86_64-mingw32/nios2-elf/lib\libsmallc.a(lib_a-writer.o) (write)
../c5_niosii_spi_slvsec_bsp/\libhal_bsp.a(alt_sys_init.o)
                              ../c5_niosii_spi_slvsec_bsp/\libhal_bsp.a(alt_main.o) (alt_irq_init)
../c5_niosii_spi_slvsec_bsp/\libhal_bsp.a(altera_avalon_jtag_uart_fd.o)
                              ../c5_niosii_spi_slvsec_bsp/\libhal_bsp.a(alt_sys_init.o) (altera_avalon_jtag_uart_read_fd)
../c5_niosii_spi_slvsec_bsp/\libhal_bsp.a(altera_avalon_jtag_uart_read.o)
[...]
Memory Configuration

Name             Origin             Length             Attributes
reset            0x0000000000020000 0x0000000000000020
niosii_cpu_onchip_memory2_0 0x0000000000020020 0x000000000001ffe0
*default*        0x0000000000000000 0xffffffffffffffff

Linker script and memory map

LOAD ../c5_niosii_spi_slvsec_bsp//obj/HAL/src/crt0.o
LOAD obj/default/imx421.o
LOAD obj/default/main.o
LOAD c:/intelfpga_lite/18.1/nios2eds/bin/gnu/h-x86_64-mingw32/bin/../lib/gcc/nios2-elf/5.3.0/../../../../../H-x86_64-mingw32/nios2-elf/lib\libstdc++.a
LOAD c:/intelfpga_lite/18.1/nios2eds/bin/gnu/h-x86_64-mingw32/bin/../lib/gcc/nios2-elf/5.3.0/../../../../../H-x86_64-mingw32/nios2-elf/lib\libm.a
LOAD c:/intelfpga_lite/18.1/nios2eds/bin/gnu/h-x86_64-mingw32/bin/../lib/gcc/nios2-elf/5.3.0\libgcc.a
START GROUP
LOAD c:/intelfpga_lite/18.1/nios2eds/bin/gnu/h-x86_64-mingw32/bin/../lib/gcc/nios2-elf/5.3.0/../../../../../H-x86_64-mingw32/nios2-elf/lib\libsmallc.a
LOAD c:/intelfpga_lite/18.1/nios2eds/bin/gnu/h-x86_64-mingw32/bin/../lib/gcc/nios2-elf/5.3.0\libgcc.a
LOAD ../c5_niosii_spi_slvsec_bsp/\libhal_bsp.a
LOAD c:/intelfpga_lite/18.1/nios2eds/bin/gnu/h-x86_64-mingw32/bin/../lib/gcc/nios2-elf/5.3.0/../../../../../H-x86_64-mingw32/nios2-elf/lib\libm.a
END GROUP
LOAD c:/intelfpga_lite/18.1/nios2eds/bin/gnu/h-x86_64-mingw32/bin/../lib/gcc/nios2-elf/5.3.0\libgcc.a
                0x0000000000020000                __alt_mem_niosii_cpu_onchip_memory2_0 = 0x20000

.entry          0x0000000000020000       0x20
 *(.entry)
 .entry         0x0000000000020000       0x20 ../c5_niosii_spi_slvsec_bsp//obj/HAL/src/crt0.o
                0x0000000000020000                __reset

.exceptions     0x0000000000020020      0x16c
                0x0000000000020020                PROVIDE (__ram_exceptions_start, ABSOLUTE (.))
                0x0000000000020020                . = ALIGN (0x20)
 *(.irq)
 *(.exceptions.entry.label)
 .exceptions.entry.label
                0x0000000000020020        0x0 ../c5_niosii_spi_slvsec_bsp/\libhal_bsp.a(alt_irq_entry.o)
                0x0000000000020020                alt_irq_entry
 .exceptions.entry.label
                0x0000000000020020        0x0 ../c5_niosii_spi_slvsec_bsp/\libhal_bsp.a(alt_exception_entry.o)
                0x0000000000020020                alt_exception
 *(.exceptions.entry.user)
 *(.exceptions.entry.ecc_fatal)
 *(.exceptions.entry)
 .exceptions.entry
                0x0000000000020020       0x54 ../c5_niosii_spi_slvsec_bsp/\libhal_bsp.a(alt_exception_entry.o)
 *(.exceptions.irqtest.user)
 *(.exceptions.irqtest)
 .exceptions.irqtest
                0x0000000000020074       0x10 ../c5_niosii_spi_slvsec_bsp/\libhal_bsp.a(alt_irq_entry.o)
 *(.exceptions.irqhandler.user)
 *(.exceptions.irqhandler)
 .exceptions.irqhandler
                0x0000000000020084        0x4 ../c5_niosii_spi_slvsec_bsp/\libhal_bsp.a(alt_irq_entry.o)
 *(.exceptions.irqreturn.user)
 *(.exceptions.irqreturn)
 .exceptions.irqreturn
                0x0000000000020088        0x4 ../c5_niosii_spi_slvsec_bsp/\libhal_bsp.a(alt_irq_entry.o)
 *(.exceptions.notirq.label)
 .exceptions.notirq.label
                0x000000000002008c        0x0 ../c5_niosii_spi_slvsec_bsp/\libhal_bsp.a(alt_irq_entry.o)
 *(.exceptions.notirq.user)
 *(.exceptions.notirq)
 .exceptions.notirq
                0x000000000002008c        0x8 ../c5_niosii_spi_slvsec_bsp/\libhal_bsp.a(alt_exception_entry.o)
 *(.exceptions.soft.user)
 *(.exceptions.soft)
 *(.exceptions.unknown.user)
 *(.exceptions.unknown)
 .exceptions.unknown
                0x0000000000020094       0x14 ../c5_niosii_spi_slvsec_bsp/\libhal_bsp.a(alt_exception_entry.o)
 *(.exceptions.exit.label)
 .exceptions.exit.label
                0x00000000000200a8        0x0 ../c5_niosii_spi_slvsec_bsp/\libhal_bsp.a(alt_irq_entry.o)
 .exceptions.exit.label
                0x00000000000200a8        0x0 ../c5_niosii_spi_slvsec_bsp/\libhal_bsp.a(alt_exception_entry.o)
 *(.exceptions.exit.user)
 *(.exceptions.exit)
 .exceptions.exit
                0x00000000000200a8       0x54 ../c5_niosii_spi_slvsec_bsp/\libhal_bsp.a(alt_exception_entry.o)
 *(.exceptions)
 .exceptions    0x00000000000200fc       0x64 ../c5_niosii_spi_slvsec_bsp/\libhal_bsp.a(alt_irq_handler.o)
                0x00000000000200fc                alt_irq_handler
 .exceptions    0x0000000000020160       0x2c ../c5_niosii_spi_slvsec_bsp/\libhal_bsp.a(alt_instruction_exception_entry.o)
                0x0000000000020160                alt_instruction_exception_entry
                0x000000000002018c                PROVIDE (__ram_exceptions_end, ABSOLUTE (.))
                0x0000000000020020                PROVIDE (__flash_exceptions_start, LOADADDR (.exceptions))

.text           0x000000000002018c     0x2168
                [!provide]                        PROVIDE (stext, ABSOLUTE (.))
 *(.interp)
 *(.hash)
 *(.dynsym)
 *(.dynstr)
 *(.gnu.version)
 *(.gnu.version_d)
 *(.gnu.version_r)
 *(.rel.init)
 *(.rela.init)
 *(.rel.text .rel.text.* .rel.gnu.linkonce.t.*)
 *(.rela.text .rela.text.* .rela.gnu.linkonce.t.*)
 *(.rel.fini)
 *(.rela.fini)
 *(.rel.rodata .rel.rodata.* .rel.gnu.linkonce.r.*)
 *(.rela.rodata .rela.rodata.* .rela.gnu.linkonce.r.*)
 *(.rel.data .rel.data.* .rel.gnu.linkonce.d.*)
 *(.rela.data .rela.data.* .rela.gnu.linkonce.d.*)
 *(.rel.tdata .rel.tdata.* .rel.gnu.linkonce.td.*)
 *(.rela.tdata .rela.tdata.* .rela.gnu.linkonce.td.*)
 *(.rel.tbss .rel.tbss.* .rel.gnu.linkonce.tb.*)
 *(.rela.tbss .rela.tbss.* .rela.gnu.linkonce.tb.*)
 *(.rel.ctors)
 *(.rela.ctors)
 *(.rel.dtors)
 *(.rela.dtors)
 *(.rel.got)
 *(.rela.got)
 *(.rel.sdata .rel.sdata.* .rel.gnu.linkonce.s.*)
 *(.rela.sdata .rela.sdata.* .rela.gnu.linkonce.s.*)
 *(.rel.sbss .rel.sbss.* .rel.gnu.linkonce.sb.*)
 *(.rela.sbss .rela.sbss.* .rela.gnu.linkonce.sb.*)
 *(.rel.sdata2 .rel.sdata2.* .rel.gnu.linkonce.s2.*)
 *(.rela.sdata2 .rela.sdata2.* .rela.gnu.linkonce.s2.*)
 *(.rel.sbss2 .rel.sbss2.* .rel.gnu.linkonce.sb2.*)
 *(.rela.sbss2 .rela.sbss2.* .rela.gnu.linkonce.sb2.*)
 *(.rel.bss .rel.bss.* .rel.gnu.linkonce.b.*)
 *(.rela.bss .rela.bss.* .rela.gnu.linkonce.b.*)
 *(.rel.plt)
 *(.rela.plt)
 *(.rel.dyn)
 *(.init)
 *(.plt)
 *(.text .stub .text.* .gnu.linkonce.t.*)
 .text          0x000000000002018c       0x4c ../c5_niosii_spi_slvsec_bsp//obj/HAL/src/crt0.o
                0x000000000002018c                _start
 .text          0x00000000000201d8      0x218 obj/default/imx421.o
                0x00000000000201d8                imx421_write_reg
                0x0000000000020264                imx421_write_table
 .text          0x00000000000203f0      0x570 obj/default/main.o
                0x00000000000203f0                main
                0x0000000000020530                main_init
                0x00000000000205b4                LED_task
                0x00000000000206f4                SW_task
                0x0000000000020730                SPI_task
 .text          0x0000000000020960        0x0 c:/intelfpga_lite/18.1/nios2eds/bin/gnu/h-x86_64-mingw32/bin/../lib/gcc/nios2-elf/5.3.0/../../../../../H-x86_64-mingw32/nios2-elf/lib\libsmallc.a(lib_a-printf.o)
 .text._printf_r
                0x0000000000020960       0x3c c:/intelfpga_lite/18.1/nios2eds/bin/gnu/h-x86_64-mingw32/bin/../lib/gcc/nios2-elf/5.3.0/../../../../../H-x86_64-mingw32/nios2-elf/lib\libsmallc.a(lib_a-printf.o)
                0x0000000000020960                _printf_r
 .text.printf   0x000000000002099c       0x4c c:/intelfpga_lite/18.1/nios2eds/bin/gnu/h-x86_64-mingw32/bin/../lib/gcc/nios2-elf/5.3.0/../../../../../H-x86_64-mingw32/nios2-elf/lib\libsmallc.a(lib_a-printf.o)
                0x000000000002099c                printf
 .text          0x00000000000209e8        0x0 c:/intelfpga_lite/18.1/nios2eds/bin/gnu/h-x86_64-mingw32/bin/../lib/gcc/nios2-elf/5.3.0/../../../../../H-x86_64-mingw32/nios2-elf/lib\libsmallc.a(lib_a-puts.o)
 .text._puts_r  0x00000000000209e8       0x80 c:/intelfpga_lite/18.1/nios2eds/bin/gnu/h-x86_64-mingw32/bin/../lib/gcc/nios2-elf/5.3.0/../../../../../H-x86_64-mingw32/nios2-elf/lib\libsmallc.a(lib_a-puts.o)
                0x00000000000209e8                _puts_r
 .text.puts     0x0000000000020a68       0x14 c:/intelfpga_lite/18.1/nios2eds/bin/gnu/h-x86_64-mingw32/bin/../lib/gcc/nios2-elf/5.3.0/../../../../../H-x86_64-mingw32/nios2-elf/lib\libsmallc.a(lib_a-puts.o)
                0x0000000000020a68                puts
 .text          0x0000000000020a7c        0x0 c:/intelfpga_lite/18.1/nios2eds/bin/gnu/h-x86_64-mingw32/bin/../lib/gcc/nios2-elf/5.3.0/../../../../../H-x86_64-mingw32/nios2-elf/lib\libsmallc.a(lib_a-strlen.o)
 .text.strlen   0x0000000000020a7c       0x1c c:/intelfpga_lite/18.1/nios2eds/bin/gnu/h-x86_64-mingw32/bin/../lib/gcc/nios2-elf/5.3.0/../../../../../H-x86_64-mingw32/nios2-elf/lib\libsmallc.a(lib_a-strlen.o)
                0x0000000000020a7c                strlen
 .text          0x0000000000020a98        0x0 c:/intelfpga_lite/18.1/nios2eds/bin/gnu/h-x86_64-mingw32/bin/../lib/gcc/nios2-elf/5.3.0/../../../../../H-x86_64-mingw32/nios2-elf/lib\libsmallc.a(lib_a-vfprintf.o)
 .text.print_repeat
                0x0000000000020a98       0x6c c:/intelfpga_lite/18.1/nios2eds/bin/gnu/h-x86_64-mingw32/bin/../lib/gcc/nios2-elf/5.3.0/../../../../../H-x86_64-mingw32/nios2-elf/lib\libsmallc.a(lib_a-vfprintf.o)
 .text.___vfprintf_internal_r
                0x0000000000020b04      0x524 c:/intelfpga_lite/18.1/nios2eds/bin/gnu/h-x86_64-mingw32/bin/../lib/gcc/nios2-elf/5.3.0/../../../../../H-x86_64-mingw32/nios2-elf/lib\libsmallc.a(lib_a-vfprintf.o)
                0x0000000000020b04                ___vfprintf_internal_r
 .text.__vfprintf_internal
                0x0000000000021028       0x1c c:/intelfpga_lite/18.1/nios2eds/bin/gnu/h-x86_64-mingw32/bin/../lib/gcc/nios2-elf/5.3.0/../../../../../H-x86_64-mingw32/nios2-elf/lib\libsmallc.a(lib_a-vfprintf.o)
                0x0000000000021028                __vfprintf_internal
 .text          0x0000000000021044        0x0 c:/intelfpga_lite/18.1/nios2eds/bin/gnu/h-x86_64-mingw32/bin/../lib/gcc/nios2-elf/5.3.0/../../../../../H-x86_64-mingw32/nios2-elf/lib\libsmallc.a(lib_a-fvwrite_small_dev.o)
 .text.__sfvwrite_small_dev
                0x0000000000021044       0xb8 c:/intelfpga_lite/18.1/nios2eds/bin/gnu/h-x86_64-mingw32/bin/../lib/gcc/nios2-elf/5.3.0/../../../../../H-x86_64-mingw32/nios2-elf/lib\libsmallc.a(lib_a-fvwrite_small_dev.o)
                0x0000000000021044                __sfvwrite_small_dev
 .text          0x00000000000210fc        0x0 c:/intelfpga_lite/18.1/nios2eds/bin/gnu/h-x86_64-mingw32/bin/../lib/gcc/nios2-elf/5.3.0/../../../../../H-x86_64-mingw32/nios2-elf/lib\libsmallc.a(lib_a-impure.o)
 .text          0x00000000000210fc        0x0 c:/intelfpga_lite/18.1/nios2eds/bin/gnu/h-x86_64-mingw32/bin/../lib/gcc/nios2-elf/5.3.0/../../../../../H-x86_64-mingw32/nios2-elf/lib\libsmallc.a(lib_a-writer.o)
 .text._write_r
                0x00000000000210fc       0x58 c:/intelfpga_lite/18.1/nios2eds/bin/gnu/h-x86_64-mingw32/bin/../lib/gcc/nios2-elf/5.3.0/../../../../../H-x86_64-mingw32/nios2-elf/lib\libsmallc.a(lib_a-writer.o)
                0x00000000000210fc                _write_r
 .text          0x0000000000021154        0x0 c:/intelfpga_lite/18.1/nios2eds/bin/gnu/h-x86_64-mingw32/bin/../lib/gcc/nios2-elf/5.3.0/../../../../../H-x86_64-mingw32/nios2-elf/lib\libsmallc.a(lib_a-int_errno.o)
 .text          0x0000000000021154      0x1b4 c:/intelfpga_lite/18.1/nios2eds/bin/gnu/h-x86_64-mingw32/bin/../lib/gcc/nios2-elf/5.3.0\libgcc.a(lib2-divmod.o)
                0x0000000000021154                __divsi3
                0x00000000000211d8                __modsi3
                0x000000000002124c                __udivsi3
                0x00000000000212b0                __umodsi3
 .text          0x0000000000021308       0x8c ../c5_niosii_spi_slvsec_bsp/\libhal_bsp.a(alt_iic.o)
                0x0000000000021308                alt_ic_isr_register
                0x000000000002130c                alt_ic_irq_enable
                0x0000000000021344                alt_ic_irq_disable
                0x000000000002137c                alt_ic_irq_enabled
 .text          0x0000000000021394       0x68 ../c5_niosii_spi_slvsec_bsp/\libhal_bsp.a(alt_iic_isr_register.o)
                0x0000000000021394                alt_iic_isr_register
 .text          0x00000000000213fc        0x0 ../c5_niosii_spi_slvsec_bsp/\libhal_bsp.a(alt_irq_entry.o)
 .text          0x00000000000213fc        0x0 ../c5_niosii_spi_slvsec_bsp/\libhal_bsp.a(alt_irq_handler.o)
 .text          0x00000000000213fc        0x0 ../c5_niosii_spi_slvsec_bsp/\libhal_bsp.a(alt_irq_vars.o)
 .text          0x00000000000213fc      0x114 ../c5_niosii_spi_slvsec_bsp/\libhal_bsp.a(alt_load.o)
                0x00000000000213fc                alt_load
 .text          0x0000000000021510       0x50 ../c5_niosii_spi_slvsec_bsp/\libhal_bsp.a(alt_main.o)
                0x0000000000021510                alt_main
 .text          0x0000000000021560        0x4 ../c5_niosii_spi_slvsec_bsp/\libhal_bsp.a(alt_usleep.o)
                0x0000000000021560                usleep
 .text          0x0000000000021564       0xc4 ../c5_niosii_spi_slvsec_bsp/\libhal_bsp.a(alt_write.o)
                0x0000000000021564                write
 .text          0x0000000000021628       0x58 ../c5_niosii_spi_slvsec_bsp/\libhal_bsp.a(alt_sys_init.o)
                0x0000000000021628                alt_irq_init
                0x0000000000021648                alt_sys_init
 .text          0x0000000000021680       0x20 ../c5_niosii_spi_slvsec_bsp/\libhal_bsp.a(altera_avalon_jtag_uart_fd.o)
                0x0000000000021680                altera_avalon_jtag_uart_read_fd
                0x0000000000021690                altera_avalon_jtag_uart_write_fd
 .text          0x00000000000216a0       0x74 ../c5_niosii_spi_slvsec_bsp/\libhal_bsp.a(altera_avalon_jtag_uart_read.o)
                0x00000000000216a0                altera_avalon_jtag_uart_read
 .text          0x0000000000021714       0x34 ../c5_niosii_spi_slvsec_bsp/\libhal_bsp.a(altera_avalon_jtag_uart_write.o)
                0x0000000000021714                altera_avalon_jtag_uart_write
 .text          0x0000000000021748       0xe8 ../c5_niosii_spi_slvsec_bsp/\libhal_bsp.a(altera_avalon_spi.o)
                0x0000000000021748                alt_avalon_spi_command
 .text          0x0000000000021830      0x118 ../c5_niosii_spi_slvsec_bsp/\libhal_bsp.a(altera_avalon_timer_sc.o)
                0x0000000000021900                alt_avalon_timer_sc_init
 .text          0x0000000000021948       0x78 ../c5_niosii_spi_slvsec_bsp/\libhal_bsp.a(alt_busy_sleep.o)
                0x0000000000021948                alt_busy_sleep
 .text          0x00000000000219c0       0xbc ../c5_niosii_spi_slvsec_bsp/\libhal_bsp.a(alt_close.o)
                0x00000000000219c0                close
 .text          0x0000000000021a7c       0x18 ../c5_niosii_spi_slvsec_bsp/\libhal_bsp.a(alt_dcache_flush_all.o)
                0x0000000000021a7c                alt_dcache_flush_all
 .text          0x0000000000021a94        0x8 ../c5_niosii_spi_slvsec_bsp/\libhal_bsp.a(alt_dev.o)
 .text          0x0000000000021a9c       0x6c ../c5_niosii_spi_slvsec_bsp/\libhal_bsp.a(alt_dev_llist_insert.o)
                0x0000000000021a9c                alt_dev_llist_insert
 .text          0x0000000000021b08        0x0 ../c5_niosii_spi_slvsec_bsp/\libhal_bsp.a(alt_errno.o)
 .text          0x0000000000021b08        0x0 ../c5_niosii_spi_slvsec_bsp/\libhal_bsp.a(alt_exception_entry.o)
 .text          0x0000000000021b08        0xc ../c5_niosii_spi_slvsec_bsp/\libhal_bsp.a(alt_icache_flush_all.o)
                0x0000000000021b08                alt_icache_flush_all
 .text          0x0000000000021b14       0x74 ../c5_niosii_spi_slvsec_bsp/\libhal_bsp.a(alt_instruction_exception_entry.o)
                0x0000000000021b14                alt_exception_cause_generated_bad_addr
 .text          0x0000000000021b88       0xe8 ../c5_niosii_spi_slvsec_bsp/\libhal_bsp.a(alt_io_redirect.o)
                0x0000000000021bfc                alt_io_redirect
 .text          0x0000000000021c70      0x178 ../c5_niosii_spi_slvsec_bsp/\libhal_bsp.a(alt_open.o)
                0x0000000000021c70                open
 .text          0x0000000000021de8       0x24 ../c5_niosii_spi_slvsec_bsp/\libhal_bsp.a(alt_release_fd.o)
                0x0000000000021de8                alt_release_fd
 .text          0x0000000000021e0c      0x128 ../c5_niosii_spi_slvsec_bsp/\libhal_bsp.a(alt_tick.o)
                0x0000000000021e0c                alt_alarm_stop
                0x0000000000021e40                alt_tick
 .text          0x0000000000021f34        0x8 ../c5_niosii_spi_slvsec_bsp/\libhal_bsp.a(altera_nios2_gen2_irq.o)
                0x0000000000021f34                altera_nios2_gen2_irq_init
 .text          0x0000000000021f3c       0x78 ../c5_niosii_spi_slvsec_bsp/\libhal_bsp.a(alt_find_dev.o)
                0x0000000000021f3c                alt_find_dev
 .text          0x0000000000021fb4       0xac ../c5_niosii_spi_slvsec_bsp/\libhal_bsp.a(alt_find_file.o)
                0x0000000000021fb4                alt_find_file
 .text          0x0000000000022060       0x50 ../c5_niosii_spi_slvsec_bsp/\libhal_bsp.a(alt_get_fd.o)
                0x0000000000022060                alt_get_fd
 .text          0x00000000000220b0       0x50 ../c5_niosii_spi_slvsec_bsp/\libhal_bsp.a(alt_icache_flush.o)
                0x00000000000220b0                alt_icache_flush
 .text          0x0000000000022100        0x0 c:/intelfpga_lite/18.1/nios2eds/bin/gnu/h-x86_64-mingw32/bin/../lib/gcc/nios2-elf/5.3.0/../../../../../H-x86_64-mingw32/nios2-elf/lib\libsmallc.a(lib_a-exit.o)
 .text.exit     0x0000000000022100       0x20 c:/intelfpga_lite/18.1/nios2eds/bin/gnu/h-x86_64-mingw32/bin/../lib/gcc/nios2-elf/5.3.0/../../../../../H-x86_64-mingw32/nios2-elf/lib\libsmallc.a(lib_a-exit.o)
                0x0000000000022100                exit
 .text          0x0000000000022120        0x0 c:/intelfpga_lite/18.1/nios2eds/bin/gnu/h-x86_64-mingw32/bin/../lib/gcc/nios2-elf/5.3.0/../../../../../H-x86_64-mingw32/nios2-elf/lib\libsmallc.a(lib_a-memcmp.o)
 .text.memcmp   0x0000000000022120       0x30 c:/intelfpga_lite/18.1/nios2eds/bin/gnu/h-x86_64-mingw32/bin/../lib/gcc/nios2-elf/5.3.0/../../../../../H-x86_64-mingw32/nios2-elf/lib\libsmallc.a(lib_a-memcmp.o)
                0x0000000000022120                memcmp
 .text          0x0000000000022150        0x0 c:/intelfpga_lite/18.1/nios2eds/bin/gnu/h-x86_64-mingw32/bin/../lib/gcc/nios2-elf/5.3.0/../../../../../H-x86_64-mingw32/nios2-elf/lib\libsmallc.a(lib_a-__call_atexit.o)
 .text.__call_exitprocs
                0x0000000000022150      0x190 c:/intelfpga_lite/18.1/nios2eds/bin/gnu/h-x86_64-mingw32/bin/../lib/gcc/nios2-elf/5.3.0/../../../../../H-x86_64-mingw32/nios2-elf/lib\libsmallc.a(lib_a-__call_atexit.o)
                0x0000000000022150                __call_exitprocs
 .text          0x00000000000222e0       0x14 ../c5_niosii_spi_slvsec_bsp/\libhal_bsp.a(alt_exit.o)
                0x00000000000222e0                _exit
 *(.gnu.warning.*)
 *(.fini)
                [!provide]                        PROVIDE (__etext, ABSOLUTE (.))
                [!provide]                        PROVIDE (_etext, ABSOLUTE (.))
                [!provide]                        PROVIDE (etext, ABSOLUTE (.))
 *(.eh_frame_hdr)
                0x00000000000222f4                . = ALIGN (0x4)
                [!provide]                        PROVIDE (__preinit_array_start, ABSOLUTE (.))
 *(.preinit_array)
                [!provide]                        PROVIDE (__preinit_array_end, ABSOLUTE (.))
                [!provide]                        PROVIDE (__init_array_start, ABSOLUTE (.))
 *(.init_array)
                [!provide]                        PROVIDE (__init_array_end, ABSOLUTE (.))
                [!provide]                        PROVIDE (__fini_array_start, ABSOLUTE (.))
 *(.fini_array)
                [!provide]                        PROVIDE (__fini_array_end, ABSOLUTE (.))
 *(.eh_frame)
 *(.gcc_except_table .gcc_except_table.*)
 *(.dynamic)
                [!provide]                        PROVIDE (__CTOR_LIST__, ABSOLUTE (.))
 *(.ctors)
 *(SORT(.ctors.*))
                [!provide]                        PROVIDE (__CTOR_END__, ABSOLUTE (.))
                [!provide]                        PROVIDE (__DTOR_LIST__, ABSOLUTE (.))
 *(.dtors)
 *(SORT(.dtors.*))
                [!provide]                        PROVIDE (__DTOR_END__, ABSOLUTE (.))
 *(.jcr)
                0x00000000000222f4                . = ALIGN (0x4)

.rodata         0x00000000000222f4      0x5c4
                0x00000000000222f4                PROVIDE (__ram_rodata_start, ABSOLUTE (.))
                0x00000000000222f4                . = ALIGN (0x4)
 *(.rodata .rodata.* .gnu.linkonce.r.*)
 .rodata        0x00000000000222f4      0x311 obj/default/imx421.o
                0x00000000000222f4                imx421_start
                0x0000000000022304                imx421_stop
                0x0000000000022310                mode_3712x1548
                0x0000000000022574                mode_sensor_test
 *fill*         0x0000000000022605        0x3 
 .rodata        0x0000000000022608      0x284 obj/default/main.o
 .rodata.str1.4
                0x000000000002288c        0x2 c:/intelfpga_lite/18.1/nios2eds/bin/gnu/h-x86_64-mingw32/bin/../lib/gcc/nios2-elf/5.3.0/../../../../../H-x86_64-mingw32/nios2-elf/lib\libsmallc.a(lib_a-puts.o)
 *fill*         0x000000000002288e        0x2 
 .rodata.str1.4
                0x0000000000022890       0x1c ../c5_niosii_spi_slvsec_bsp/\libhal_bsp.a(alt_main.o)
 .rodata.str1.4
                0x00000000000228ac       0x1c ../c5_niosii_spi_slvsec_bsp/\libhal_bsp.a(alt_sys_init.o)
 .rodata.str1.4
                0x00000000000228ac        0xc ../c5_niosii_spi_slvsec_bsp/\libhal_bsp.a(alt_dev.o)
                                          0xa (size before relaxing)
 *(.rodata1)
                0x00000000000228c8                . = ALIGN (0x4)
                0x00000000000228c8                PROVIDE (__ram_rodata_end, ABSOLUTE (.))
                0x00000000000222f4                PROVIDE (__flash_rodata_start, LOADADDR (.rodata))

.rwdata         0x00000000000228b8      0x300 load address 0x0000000000022bb8
                0x00000000000228b8                PROVIDE (__ram_rwdata_start, ABSOLUTE (.))
                0x00000000000228b8                . = ALIGN (0x4)
 *(.got.plt)
 *(.got)
 *(.data1)
 *(.data .data.* .gnu.linkonce.d.*)
 .data          0x00000000000228b8        0x0 ../c5_niosii_spi_slvsec_bsp//obj/HAL/src/crt0.o
 .data          0x00000000000228b8       0x18 obj/default/imx421.o
                0x00000000000228b8                mode_table
 .data          0x00000000000228d0        0x0 obj/default/main.o
 .data          0x00000000000228d0        0x0 c:/intelfpga_lite/18.1/nios2eds/bin/gnu/h-x86_64-mingw32/bin/../lib/gcc/nios2-elf/5.3.0/../../../../../H-x86_64-mingw32/nios2-elf/lib\libsmallc.a(lib_a-printf.o)
 .data          0x00000000000228d0        0x0 c:/intelfpga_lite/18.1/nios2eds/bin/gnu/h-x86_64-mingw32/bin/../lib/gcc/nios2-elf/5.3.0/../../../../../H-x86_64-mingw32/nios2-elf/lib\libsmallc.a(lib_a-puts.o)
 .data          0x00000000000228d0        0x0 c:/intelfpga_lite/18.1/nios2eds/bin/gnu/h-x86_64-mingw32/bin/../lib/gcc/nios2-elf/5.3.0/../../../../../H-x86_64-mingw32/nios2-elf/lib\libsmallc.a(lib_a-strlen.o)
 .data          0x00000000000228d0        0x0 c:/intelfpga_lite/18.1/nios2eds/bin/gnu/h-x86_64-mingw32/bin/../lib/gcc/nios2-elf/5.3.0/../../../../../H-x86_64-mingw32/nios2-elf/lib\libsmallc.a(lib_a-vfprintf.o)
 .data          0x00000000000228d0        0x0 c:/intelfpga_lite/18.1/nios2eds/bin/gnu/h-x86_64-mingw32/bin/../lib/gcc/nios2-elf/5.3.0/../../../../../H-x86_64-mingw32/nios2-elf/lib\libsmallc.a(lib_a-fvwrite_small_dev.o)
 .data          0x00000000000228d0        0x0 c:/intelfpga_lite/18.1/nios2eds/bin/gnu/h-x86_64-mingw32/bin/../lib/gcc/nios2-elf/5.3.0/../../../../../H-x86_64-mingw32/nios2-elf/lib\libsmallc.a(lib_a-impure.o)
 .data.impure_data
                0x00000000000228d0       0xe0 c:/intelfpga_lite/18.1/nios2eds/bin/gnu/h-x86_64-mingw32/bin/../lib/gcc/nios2-elf/5.3.0/../../../../../H-x86_64-mingw32/nios2-elf/lib\libsmallc.a(lib_a-impure.o)
 .data          0x00000000000229b0        0x0 c:/intelfpga_lite/18.1/nios2eds/bin/gnu/h-x86_64-mingw32/bin/../lib/gcc/nios2-elf/5.3.0/../../../../../H-x86_64-mingw32/nios2-elf/lib\libsmallc.a(lib_a-writer.o)
 .data          0x00000000000229b0        0x0 c:/intelfpga_lite/18.1/nios2eds/bin/gnu/h-x86_64-mingw32/bin/../lib/gcc/nios2-elf/5.3.0/../../../../../H-x86_64-mingw32/nios2-elf/lib\libsmallc.a(lib_a-int_errno.o)
 .data          0x00000000000229b0        0x0 c:/intelfpga_lite/18.1/nios2eds/bin/gnu/h-x86_64-mingw32/bin/../lib/gcc/nios2-elf/5.3.0\libgcc.a(lib2-divmod.o)
 .data          0x00000000000229b0        0x0 ../c5_niosii_spi_slvsec_bsp/\libhal_bsp.a(alt_iic.o)
 .data          0x00000000000229b0        0x0 ../c5_niosii_spi_slvsec_bsp/\libhal_bsp.a(alt_iic_isr_register.o)
 .data          0x00000000000229b0        0x0 ../c5_niosii_spi_slvsec_bsp/\libhal_bsp.a(alt_irq_entry.o)
 .data          0x00000000000229b0        0x0 ../c5_niosii_spi_slvsec_bsp/\libhal_bsp.a(alt_irq_handler.o)
 .data          0x00000000000229b0        0x0 ../c5_niosii_spi_slvsec_bsp/\libhal_bsp.a(alt_irq_vars.o)
 .data          0x00000000000229b0        0x0 ../c5_niosii_spi_slvsec_bsp/\libhal_bsp.a(alt_load.o)
 .data          0x00000000000229b0        0x0 ../c5_niosii_spi_slvsec_bsp/\libhal_bsp.a(alt_main.o)
 .data          0x00000000000229b0        0x0 ../c5_niosii_spi_slvsec_bsp/\libhal_bsp.a(alt_usleep.o)
 .data          0x00000000000229b0        0x0 ../c5_niosii_spi_slvsec_bsp/\libhal_bsp.a(alt_write.o)
 .data          0x00000000000229b0       0x2c ../c5_niosii_spi_slvsec_bsp/\libhal_bsp.a(alt_sys_init.o)
 .data          0x00000000000229dc        0x0 ../c5_niosii_spi_slvsec_bsp/\libhal_bsp.a(altera_avalon_jtag_uart_fd.o)
 .data          0x00000000000229dc        0x0 ../c5_niosii_spi_slvsec_bsp/\libhal_bsp.a(altera_avalon_jtag_uart_read.o)
 .data          0x00000000000229dc        0x0 ../c5_niosii_spi_slvsec_bsp/\libhal_bsp.a(altera_avalon_jtag_uart_write.o)
 .data          0x00000000000229dc        0x0 ../c5_niosii_spi_slvsec_bsp/\libhal_bsp.a(altera_avalon_spi.o)
 .data          0x00000000000229dc        0x0 ../c5_niosii_spi_slvsec_bsp/\libhal_bsp.a(altera_avalon_timer_sc.o)
 .data          0x00000000000229dc        0x0 ../c5_niosii_spi_slvsec_bsp/\libhal_bsp.a(alt_busy_sleep.o)
 .data          0x00000000000229dc        0x0 ../c5_niosii_spi_slvsec_bsp/\libhal_bsp.a(alt_close.o)
 .data          0x00000000000229dc        0x0 ../c5_niosii_spi_slvsec_bsp/\libhal_bsp.a(alt_dcache_flush_all.o)
 .data          0x00000000000229dc      0x1a8 ../c5_niosii_spi_slvsec_bsp/\libhal_bsp.a(alt_dev.o)
                0x00000000000229dc                alt_fd_list
                0x0000000000022b5c                alt_dev_null
 .data          0x0000000000022b84        0x0 ../c5_niosii_spi_slvsec_bsp/\libhal_bsp.a(alt_dev_llist_insert.o)
 .data          0x0000000000022b84        0x0 ../c5_niosii_spi_slvsec_bsp/\libhal_bsp.a(alt_errno.o)
 .data          0x0000000000022b84        0x0 ../c5_niosii_spi_slvsec_bsp/\libhal_bsp.a(alt_exception_entry.o)
 .data          0x0000000000022b84        0x0 ../c5_niosii_spi_slvsec_bsp/\libhal_bsp.a(alt_icache_flush_all.o)
 .data          0x0000000000022b84        0x0 ../c5_niosii_spi_slvsec_bsp/\libhal_bsp.a(alt_instruction_exception_entry.o)
 .data          0x0000000000022b84        0x0 ../c5_niosii_spi_slvsec_bsp/\libhal_bsp.a(alt_io_redirect.o)
 .data          0x0000000000022b84        0x0 ../c5_niosii_spi_slvsec_bsp/\libhal_bsp.a(alt_open.o)
 .data          0x0000000000022b84        0x0 ../c5_niosii_spi_slvsec_bsp/\libhal_bsp.a(alt_release_fd.o)
 .data          0x0000000000022b84        0x0 ../c5_niosii_spi_slvsec_bsp/\libhal_bsp.a(alt_tick.o)
 .data          0x0000000000022b84        0x0 ../c5_niosii_spi_slvsec_bsp/\libhal_bsp.a(altera_nios2_gen2_irq.o)
 .data          0x0000000000022b84        0x0 ../c5_niosii_spi_slvsec_bsp/\libhal_bsp.a(alt_find_dev.o)
 .data          0x0000000000022b84        0x0 ../c5_niosii_spi_slvsec_bsp/\libhal_bsp.a(alt_find_file.o)
 .data          0x0000000000022b84        0x0 ../c5_niosii_spi_slvsec_bsp/\libhal_bsp.a(alt_get_fd.o)
 .data          0x0000000000022b84        0x0 ../c5_niosii_spi_slvsec_bsp/\libhal_bsp.a(alt_icache_flush.o)
 .data          0x0000000000022b84        0x0 c:/intelfpga_lite/18.1/nios2eds/bin/gnu/h-x86_64-mingw32/bin/../lib/gcc/nios2-elf/5.3.0/../../../../../H-x86_64-mingw32/nios2-elf/lib\libsmallc.a(lib_a-exit.o)
 .data          0x0000000000022b84        0x0 c:/intelfpga_lite/18.1/nios2eds/bin/gnu/h-x86_64-mingw32/bin/../lib/gcc/nios2-elf/5.3.0/../../../../../H-x86_64-mingw32/nios2-elf/lib\libsmallc.a(lib_a-memcmp.o)
 .data          0x0000000000022b84        0x0 c:/intelfpga_lite/18.1/nios2eds/bin/gnu/h-x86_64-mingw32/bin/../lib/gcc/nios2-elf/5.3.0/../../../../../H-x86_64-mingw32/nios2-elf/lib\libsmallc.a(lib_a-__call_atexit.o)
 .data          0x0000000000022b84        0x0 ../c5_niosii_spi_slvsec_bsp/\libhal_bsp.a(alt_exit.o)
                0x000000000002ab84                _gp = ABSOLUTE ((. + 0x8000))
                [!provide]                        PROVIDE (gp, _gp)
 *(.rwdata .rwdata.*)
 *(.sdata .sdata.* .gnu.linkonce.s.*)
 .sdata         0x0000000000022b84        0x8 obj/default/imx421.o
                0x0000000000022b84                mode_table_common
                0x0000000000022b88                tp_colorbars
 .sdata._global_impure_ptr
                0x0000000000022b8c        0x4 c:/intelfpga_lite/18.1/nios2eds/bin/gnu/h-x86_64-mingw32/bin/../lib/gcc/nios2-elf/5.3.0/../../../../../H-x86_64-mingw32/nios2-elf/lib\libsmallc.a(lib_a-impure.o)
                0x0000000000022b8c                _global_impure_ptr
 .sdata._impure_ptr
                0x0000000000022b90        0x4 c:/intelfpga_lite/18.1/nios2eds/bin/gnu/h-x86_64-mingw32/bin/../lib/gcc/nios2-elf/5.3.0/../../../../../H-x86_64-mingw32/nios2-elf/lib\libsmallc.a(lib_a-impure.o)
                0x0000000000022b90                _impure_ptr
 .sdata         0x0000000000022b94        0x4 ../c5_niosii_spi_slvsec_bsp/\libhal_bsp.a(alt_irq_vars.o)
                0x0000000000022b94                alt_priority_mask
 .sdata         0x0000000000022b98       0x14 ../c5_niosii_spi_slvsec_bsp/\libhal_bsp.a(alt_dev.o)
                0x0000000000022b98                alt_max_fd
                0x0000000000022b9c                alt_dev_list
                0x0000000000022ba4                alt_fs_list
 .sdata         0x0000000000022bac        0x4 ../c5_niosii_spi_slvsec_bsp/\libhal_bsp.a(alt_errno.o)
                0x0000000000022bac                alt_errno
 .sdata         0x0000000000022bb0        0x8 ../c5_niosii_spi_slvsec_bsp/\libhal_bsp.a(alt_tick.o)
                0x0000000000022bb0                alt_alarm_list
 *(.sdata2 .sdata2.* .gnu.linkonce.s2.*)
                0x0000000000022bb8                . = ALIGN (0x4)
                0x0000000000022bb8                _edata = ABSOLUTE (.)
                [!provide]                        PROVIDE (edata, ABSOLUTE (.))
                0x0000000000022bb8                PROVIDE (__ram_rwdata_end, ABSOLUTE (.))
                0x0000000000022bb8                PROVIDE (__flash_rwdata_start, LOADADDR (.rwdata))

.bss            0x0000000000022eb8      0x134
                0x0000000000022eb8                __bss_start = ABSOLUTE (.)
                [!provide]                        PROVIDE (__sbss_start, ABSOLUTE (.))
                [!provide]                        PROVIDE (___sbss_start, ABSOLUTE (.))
 *(.dynsbss)
 *(.sbss .sbss.* .gnu.linkonce.sb.*)
 .sbss          0x0000000000022eb8        0x9 obj/default/main.o
                0x0000000000022eb8                imx421_user_sel_status
                0x0000000000022eba                led_counter
                0x0000000000022ebc                imx421_sm
                0x0000000000022ebd                led_counter_status
                0x0000000000022ebe                sw_value
                0x0000000000022ebf                led_out
                0x0000000000022ec0                imx421_user_sel
 *fill*         0x0000000000022ec1        0x3 
 .sbss          0x0000000000022ec4        0x4 c:/intelfpga_lite/18.1/nios2eds/bin/gnu/h-x86_64-mingw32/bin/../lib/gcc/nios2-elf/5.3.0/../../../../../H-x86_64-mingw32/nios2-elf/lib\libsmallc.a(lib_a-int_errno.o)
                0x0000000000022ec4                errno
 .sbss          0x0000000000022ec8        0x4 ../c5_niosii_spi_slvsec_bsp/\libhal_bsp.a(alt_irq_vars.o)
                0x0000000000022ec8                alt_irq_active
 .sbss          0x0000000000022ecc        0xc ../c5_niosii_spi_slvsec_bsp/\libhal_bsp.a(alt_main.o)
                0x0000000000022ecc                alt_envp
                0x0000000000022ed0                alt_argv
                0x0000000000022ed4                alt_argc
 .sbss          0x0000000000022ed8        0x8 ../c5_niosii_spi_slvsec_bsp/\libhal_bsp.a(altera_avalon_timer_sc.o)
                0x0000000000022ed8                rtos_task_100ms_flag_high_prior
                0x0000000000022ed9                rtos_task_10ms_flag_high_prior
                0x0000000000022eda                rtos_task_1ms_flag_high_prior
                0x0000000000022edb                rtos_task_100ms_flag
                0x0000000000022edc                rtos_task_10ms_flag
                0x0000000000022edd                rtos_task_1ms_flag
                0x0000000000022ede                sys_tick_count
 .sbss          0x0000000000022ee0        0x4 ../c5_niosii_spi_slvsec_bsp/\libhal_bsp.a(alt_instruction_exception_entry.o)
                0x0000000000022ee0                alt_instruction_exception_handler
 .sbss          0x0000000000022ee4        0x8 ../c5_niosii_spi_slvsec_bsp/\libhal_bsp.a(alt_tick.o)
                0x0000000000022ee4                _alt_nticks
                0x0000000000022ee8                _alt_tick_rate
 *(.sbss2 .sbss2.* .gnu.linkonce.sb2.*)
 *(.scommon)
                [!provide]                        PROVIDE (__sbss_end, ABSOLUTE (.))
                [!provide]                        PROVIDE (___sbss_end, ABSOLUTE (.))
 *(.dynbss)
 *(.bss .bss.* .gnu.linkonce.b.*)
 .bss           0x0000000000022eec        0x0 ../c5_niosii_spi_slvsec_bsp//obj/HAL/src/crt0.o
 .bss           0x0000000000022eec        0x0 obj/default/imx421.o
 .bss           0x0000000000022eec        0x0 obj/default/main.o
 .bss           0x0000000000022eec        0x0 c:/intelfpga_lite/18.1/nios2eds/bin/gnu/h-x86_64-mingw32/bin/../lib/gcc/nios2-elf/5.3.0/../../../../../H-x86_64-mingw32/nios2-elf/lib\libsmallc.a(lib_a-printf.o)
 .bss           0x0000000000022eec        0x0 c:/intelfpga_lite/18.1/nios2eds/bin/gnu/h-x86_64-mingw32/bin/../lib/gcc/nios2-elf/5.3.0/../../../../../H-x86_64-mingw32/nios2-elf/lib\libsmallc.a(lib_a-puts.o)
 .bss           0x0000000000022eec        0x0 c:/intelfpga_lite/18.1/nios2eds/bin/gnu/h-x86_64-mingw32/bin/../lib/gcc/nios2-elf/5.3.0/../../../../../H-x86_64-mingw32/nios2-elf/lib\libsmallc.a(lib_a-strlen.o)
 .bss           0x0000000000022eec        0x0 c:/intelfpga_lite/18.1/nios2eds/bin/gnu/h-x86_64-mingw32/bin/../lib/gcc/nios2-elf/5.3.0/../../../../../H-x86_64-mingw32/nios2-elf/lib\libsmallc.a(lib_a-vfprintf.o)
 .bss           0x0000000000022eec        0x0 c:/intelfpga_lite/18.1/nios2eds/bin/gnu/h-x86_64-mingw32/bin/../lib/gcc/nios2-elf/5.3.0/../../../../../H-x86_64-mingw32/nios2-elf/lib\libsmallc.a(lib_a-fvwrite_small_dev.o)
 .bss           0x0000000000022eec        0x0 c:/intelfpga_lite/18.1/nios2eds/bin/gnu/h-x86_64-mingw32/bin/../lib/gcc/nios2-elf/5.3.0/../../../../../H-x86_64-mingw32/nios2-elf/lib\libsmallc.a(lib_a-impure.o)
 .bss           0x0000000000022eec        0x0 c:/intelfpga_lite/18.1/nios2eds/bin/gnu/h-x86_64-mingw32/bin/../lib/gcc/nios2-elf/5.3.0/../../../../../H-x86_64-mingw32/nios2-elf/lib\libsmallc.a(lib_a-writer.o)
 .bss           0x0000000000022eec        0x0 c:/intelfpga_lite/18.1/nios2eds/bin/gnu/h-x86_64-mingw32/bin/../lib/gcc/nios2-elf/5.3.0/../../../../../H-x86_64-mingw32/nios2-elf/lib\libsmallc.a(lib_a-int_errno.o)
 .bss           0x0000000000022eec        0x0 c:/intelfpga_lite/18.1/nios2eds/bin/gnu/h-x86_64-mingw32/bin/../lib/gcc/nios2-elf/5.3.0\libgcc.a(lib2-divmod.o)
 .bss           0x0000000000022eec        0x0 ../c5_niosii_spi_slvsec_bsp/\libhal_bsp.a(alt_iic.o)
 .bss           0x0000000000022eec        0x0 ../c5_niosii_spi_slvsec_bsp/\libhal_bsp.a(alt_iic_isr_register.o)
 .bss           0x0000000000022eec        0x0 ../c5_niosii_spi_slvsec_bsp/\libhal_bsp.a(alt_irq_entry.o)
 .bss           0x0000000000022eec        0x0 ../c5_niosii_spi_slvsec_bsp/\libhal_bsp.a(alt_irq_handler.o)
 .bss           0x0000000000022eec        0x0 ../c5_niosii_spi_slvsec_bsp/\libhal_bsp.a(alt_irq_vars.o)
 .bss           0x0000000000022eec        0x0 ../c5_niosii_spi_slvsec_bsp/\libhal_bsp.a(alt_load.o)
 .bss           0x0000000000022eec        0x0 ../c5_niosii_spi_slvsec_bsp/\libhal_bsp.a(alt_main.o)
 .bss           0x0000000000022eec        0x0 ../c5_niosii_spi_slvsec_bsp/\libhal_bsp.a(alt_usleep.o)
 .bss           0x0000000000022eec        0x0 ../c5_niosii_spi_slvsec_bsp/\libhal_bsp.a(alt_write.o)
 .bss           0x0000000000022eec        0x0 ../c5_niosii_spi_slvsec_bsp/\libhal_bsp.a(alt_sys_init.o)
 .bss           0x0000000000022eec        0x0 ../c5_niosii_spi_slvsec_bsp/\libhal_bsp.a(altera_avalon_jtag_uart_fd.o)
 .bss           0x0000000000022eec        0x0 ../c5_niosii_spi_slvsec_bsp/\libhal_bsp.a(altera_avalon_jtag_uart_read.o)
 .bss           0x0000000000022eec        0x0 ../c5_niosii_spi_slvsec_bsp/\libhal_bsp.a(altera_avalon_jtag_uart_write.o)
 .bss           0x0000000000022eec        0x0 ../c5_niosii_spi_slvsec_bsp/\libhal_bsp.a(altera_avalon_spi.o)
 .bss           0x0000000000022eec        0x0 ../c5_niosii_spi_slvsec_bsp/\libhal_bsp.a(altera_avalon_timer_sc.o)
 .bss           0x0000000000022eec        0x0 ../c5_niosii_spi_slvsec_bsp/\libhal_bsp.a(alt_busy_sleep.o)
 .bss           0x0000000000022eec        0x0 ../c5_niosii_spi_slvsec_bsp/\libhal_bsp.a(alt_close.o)
 .bss           0x0000000000022eec        0x0 ../c5_niosii_spi_slvsec_bsp/\libhal_bsp.a(alt_dcache_flush_all.o)
 .bss           0x0000000000022eec        0x0 ../c5_niosii_spi_slvsec_bsp/\libhal_bsp.a(alt_dev.o)
 .bss           0x0000000000022eec        0x0 ../c5_niosii_spi_slvsec_bsp/\libhal_bsp.a(alt_dev_llist_insert.o)
 .bss           0x0000000000022eec        0x0 ../c5_niosii_spi_slvsec_bsp/\libhal_bsp.a(alt_errno.o)
 .bss           0x0000000000022eec        0x0 ../c5_niosii_spi_slvsec_bsp/\libhal_bsp.a(alt_exception_entry.o)
 .bss           0x0000000000022eec        0x0 ../c5_niosii_spi_slvsec_bsp/\libhal_bsp.a(alt_icache_flush_all.o)
 .bss           0x0000000000022eec        0x0 ../c5_niosii_spi_slvsec_bsp/\libhal_bsp.a(alt_instruction_exception_entry.o)
 .bss           0x0000000000022eec        0x0 ../c5_niosii_spi_slvsec_bsp/\libhal_bsp.a(alt_io_redirect.o)
 .bss           0x0000000000022eec        0x0 ../c5_niosii_spi_slvsec_bsp/\libhal_bsp.a(alt_open.o)
 .bss           0x0000000000022eec        0x0 ../c5_niosii_spi_slvsec_bsp/\libhal_bsp.a(alt_release_fd.o)
 .bss           0x0000000000022eec        0x0 ../c5_niosii_spi_slvsec_bsp/\libhal_bsp.a(alt_tick.o)
 .bss           0x0000000000022eec        0x0 ../c5_niosii_spi_slvsec_bsp/\libhal_bsp.a(altera_nios2_gen2_irq.o)
 .bss           0x0000000000022eec        0x0 ../c5_niosii_spi_slvsec_bsp/\libhal_bsp.a(alt_find_dev.o)
 .bss           0x0000000000022eec        0x0 ../c5_niosii_spi_slvsec_bsp/\libhal_bsp.a(alt_find_file.o)
 .bss           0x0000000000022eec        0x0 ../c5_niosii_spi_slvsec_bsp/\libhal_bsp.a(alt_get_fd.o)
 .bss           0x0000000000022eec        0x0 ../c5_niosii_spi_slvsec_bsp/\libhal_bsp.a(alt_icache_flush.o)
 .bss           0x0000000000022eec        0x0 c:/intelfpga_lite/18.1/nios2eds/bin/gnu/h-x86_64-mingw32/bin/../lib/gcc/nios2-elf/5.3.0/../../../../../H-x86_64-mingw32/nios2-elf/lib\libsmallc.a(lib_a-exit.o)
 .bss           0x0000000000022eec        0x0 c:/intelfpga_lite/18.1/nios2eds/bin/gnu/h-x86_64-mingw32/bin/../lib/gcc/nios2-elf/5.3.0/../../../../../H-x86_64-mingw32/nios2-elf/lib\libsmallc.a(lib_a-memcmp.o)
 .bss           0x0000000000022eec        0x0 c:/intelfpga_lite/18.1/nios2eds/bin/gnu/h-x86_64-mingw32/bin/../lib/gcc/nios2-elf/5.3.0/../../../../../H-x86_64-mingw32/nios2-elf/lib\libsmallc.a(lib_a-__call_atexit.o)
 .bss           0x0000000000022eec        0x0 ../c5_niosii_spi_slvsec_bsp/\libhal_bsp.a(alt_exit.o)
 *(COMMON)
 COMMON         0x0000000000022eec      0x100 ../c5_niosii_spi_slvsec_bsp/\libhal_bsp.a(alt_irq_handler.o)
                0x0000000000022eec                alt_irq
                0x0000000000022fec                . = ALIGN (0x4)
                0x0000000000022fec                __bss_end = ABSOLUTE (.)

.niosii_cpu_onchip_memory2_0
                0x0000000000022fec        0x0
                [!provide]                        PROVIDE (_alt_partition_niosii_cpu_onchip_memory2_0_start, ABSOLUTE (.))
 *(.niosii_cpu_onchip_memory2_0 .niosii_cpu_onchip_memory2_0. niosii_cpu_onchip_memory2_0.*)
                0x0000000000022fec                . = ALIGN (0x4)
                [!provide]                        PROVIDE (_alt_partition_niosii_cpu_onchip_memory2_0_end, ABSOLUTE (.))
                0x0000000000022fec                _end = ABSOLUTE (.)
                0x0000000000022fec                end = ABSOLUTE (.)
                0x0000000000022fec                __alt_stack_base = ABSOLUTE (.)
                [!provide]                        PROVIDE (_alt_partition_niosii_cpu_onchip_memory2_0_load_addr, LOADADDR (.niosii_cpu_onchip_memory2_0))

.stab
 *(.stab)

.stabstr
 *(.stabstr)

.stab.excl
 *(.stab.excl)

.stab.exclstr
 *(.stab.exclstr)

.stab.index
 *(.stab.index)

.stab.indexstr
 *(.stab.indexstr)

.comment        0x0000000000000000       0x23
 *(.comment)
 .comment       0x0000000000000000       0x23 obj/default/imx421.o
                                         0x24 (size before relaxing)
 .comment       0x0000000000000023       0x24 obj/default/main.o
 .comment       0x0000000000000023       0x24 c:/intelfpga_lite/18.1/nios2eds/bin/gnu/h-x86_64-mingw32/bin/../lib/gcc/nios2-elf/5.3.0/../../../../../H-x86_64-mingw32/nios2-elf/lib\libsmallc.a(lib_a-printf.o)
 .comment       0x0000000000000023       0x24 c:/intelfpga_lite/18.1/nios2eds/bin/gnu/h-x86_64-mingw32/bin/../lib/gcc/nios2-elf/5.3.0/../../../../../H-x86_64-mingw32/nios2-elf/lib\libsmallc.a(lib_a-puts.o)
 .comment       0x0000000000000023       0x24 c:/intelfpga_lite/18.1/nios2eds/bin/gnu/h-x86_64-mingw32/bin/../lib/gcc/nios2-elf/5.3.0/../../../../../H-x86_64-mingw32/nios2-elf/lib\libsmallc.a(lib_a-strlen.o)
 .comment       0x0000000000000023       0x24 c:/intelfpga_lite/18.1/nios2eds/bin/gnu/h-x86_64-mingw32/bin/../lib/gcc/nios2-elf/5.3.0/../../../../../H-x86_64-mingw32/nios2-elf/lib\libsmallc.a(lib_a-vfprintf.o)
 .comment       0x0000000000000023       0x24 c:/intelfpga_lite/18.1/nios2eds/bin/gnu/h-x86_64-mingw32/bin/../lib/gcc/nios2-elf/5.3.0/../../../../../H-x86_64-mingw32/nios2-elf/lib\libsmallc.a(lib_a-fvwrite_small_dev.o)
 .comment       0x0000000000000023       0x24 c:/intelfpga_lite/18.1/nios2eds/bin/gnu/h-x86_64-mingw32/bin/../lib/gcc/nios2-elf/5.3.0/../../../../../H-x86_64-mingw32/nios2-elf/lib\libsmallc.a(lib_a-impure.o)
 .comment       0x0000000000000023       0x24 c:/intelfpga_lite/18.1/nios2eds/bin/gnu/h-x86_64-mingw32/bin/../lib/gcc/nios2-elf/5.3.0/../../../../../H-x86_64-mingw32/nios2-elf/lib\libsmallc.a(lib_a-writer.o)
 .comment       0x0000000000000023       0x24 c:/intelfpga_lite/18.1/nios2eds/bin/gnu/h-x86_64-mingw32/bin/../lib/gcc/nios2-elf/5.3.0/../../../../../H-x86_64-mingw32/nios2-elf/lib\libsmallc.a(lib_a-int_errno.o)
 .comment       0x0000000000000023       0x24 c:/intelfpga_lite/18.1/nios2eds/bin/gnu/h-x86_64-mingw32/bin/../lib/gcc/nios2-elf/5.3.0\libgcc.a(lib2-divmod.o)
 .comment       0x0000000000000023       0x24 ../c5_niosii_spi_slvsec_bsp/\libhal_bsp.a(alt_iic.o)
 .comment       0x0000000000000023       0x24 ../c5_niosii_spi_slvsec_bsp/\libhal_bsp.a(alt_iic_isr_register.o)
 .comment       0x0000000000000023       0x24 ../c5_niosii_spi_slvsec_bsp/\libhal_bsp.a(alt_irq_handler.o)
 .comment       0x0000000000000023       0x24 ../c5_niosii_spi_slvsec_bsp/\libhal_bsp.a(alt_irq_vars.o)
 .comment       0x0000000000000023       0x24 ../c5_niosii_spi_slvsec_bsp/\libhal_bsp.a(alt_load.o)
 .comment       0x0000000000000023       0x24 ../c5_niosii_spi_slvsec_bsp/\libhal_bsp.a(alt_main.o)
 .comment       0x0000000000000023       0x24 ../c5_niosii_spi_slvsec_bsp/\libhal_bsp.a(alt_usleep.o)
 .comment       0x0000000000000023       0x24 ../c5_niosii_spi_slvsec_bsp/\libhal_bsp.a(alt_write.o)
 .comment       0x0000000000000023       0x24 ../c5_niosii_spi_slvsec_bsp/\libhal_bsp.a(alt_sys_init.o)
 .comment       0x0000000000000023       0x24 ../c5_niosii_spi_slvsec_bsp/\libhal_bsp.a(altera_avalon_jtag_uart_fd.o)
 .comment       0x0000000000000023       0x24 ../c5_niosii_spi_slvsec_bsp/\libhal_bsp.a(altera_avalon_jtag_uart_read.o)
 .comment       0x0000000000000023       0x24 ../c5_niosii_spi_slvsec_bsp/\libhal_bsp.a(altera_avalon_jtag_uart_write.o)
 .comment       0x0000000000000023       0x24 ../c5_niosii_spi_slvsec_bsp/\libhal_bsp.a(altera_avalon_spi.o)
 .comment       0x0000000000000023       0x24 ../c5_niosii_spi_slvsec_bsp/\libhal_bsp.a(altera_avalon_timer_sc.o)
 .comment       0x0000000000000023       0x24 ../c5_niosii_spi_slvsec_bsp/\libhal_bsp.a(alt_busy_sleep.o)
 .comment       0x0000000000000023       0x24 ../c5_niosii_spi_slvsec_bsp/\libhal_bsp.a(alt_close.o)
 .comment       0x0000000000000023       0x24 ../c5_niosii_spi_slvsec_bsp/\libhal_bsp.a(alt_dcache_flush_all.o)
 .comment       0x0000000000000023       0x24 ../c5_niosii_spi_slvsec_bsp/\libhal_bsp.a(alt_dev.o)
 .comment       0x0000000000000023       0x24 ../c5_niosii_spi_slvsec_bsp/\libhal_bsp.a(alt_dev_llist_insert.o)
 .comment       0x0000000000000023       0x24 ../c5_niosii_spi_slvsec_bsp/\libhal_bsp.a(alt_errno.o)
 .comment       0x0000000000000023       0x24 ../c5_niosii_spi_slvsec_bsp/\libhal_bsp.a(alt_icache_flush_all.o)
 .comment       0x0000000000000023       0x24 ../c5_niosii_spi_slvsec_bsp/\libhal_bsp.a(alt_instruction_exception_entry.o)
 .comment       0x0000000000000023       0x24 ../c5_niosii_spi_slvsec_bsp/\libhal_bsp.a(alt_io_redirect.o)
 .comment       0x0000000000000023       0x24 ../c5_niosii_spi_slvsec_bsp/\libhal_bsp.a(alt_open.o)
 .comment       0x0000000000000023       0x24 ../c5_niosii_spi_slvsec_bsp/\libhal_bsp.a(alt_release_fd.o)
 .comment       0x0000000000000023       0x24 ../c5_niosii_spi_slvsec_bsp/\libhal_bsp.a(alt_tick.o)
 .comment       0x0000000000000023       0x24 ../c5_niosii_spi_slvsec_bsp/\libhal_bsp.a(altera_nios2_gen2_irq.o)
 .comment       0x0000000000000023       0x24 ../c5_niosii_spi_slvsec_bsp/\libhal_bsp.a(alt_find_dev.o)
 .comment       0x0000000000000023       0x24 ../c5_niosii_spi_slvsec_bsp/\libhal_bsp.a(alt_find_file.o)
 .comment       0x0000000000000023       0x24 ../c5_niosii_spi_slvsec_bsp/\libhal_bsp.a(alt_get_fd.o)
 .comment       0x0000000000000023       0x24 ../c5_niosii_spi_slvsec_bsp/\libhal_bsp.a(alt_icache_flush.o)
 .comment       0x0000000000000023       0x24 c:/intelfpga_lite/18.1/nios2eds/bin/gnu/h-x86_64-mingw32/bin/../lib/gcc/nios2-elf/5.3.0/../../../../../H-x86_64-mingw32/nios2-elf/lib\libsmallc.a(lib_a-exit.o)
 .comment       0x0000000000000023       0x24 c:/intelfpga_lite/18.1/nios2eds/bin/gnu/h-x86_64-mingw32/bin/../lib/gcc/nios2-elf/5.3.0/../../../../../H-x86_64-mingw32/nios2-elf/lib\libsmallc.a(lib_a-memcmp.o)
 .comment       0x0000000000000023       0x24 c:/intelfpga_lite/18.1/nios2eds/bin/gnu/h-x86_64-mingw32/bin/../lib/gcc/nios2-elf/5.3.0/../../../../../H-x86_64-mingw32/nios2-elf/lib\libsmallc.a(lib_a-__call_atexit.o)
 .comment       0x0000000000000023       0x24 ../c5_niosii_spi_slvsec_bsp/\libhal_bsp.a(alt_exit.o)

.debug
 *(.debug)

.line
 *(.line)

.debug_srcinfo
 *(.debug_srcinfo)

.debug_sfnames
 *(.debug_sfnames)

.debug_aranges  0x0000000000000000      0x658
 *(.debug_aranges)
 .debug_aranges
                0x0000000000000000       0x28 ../c5_niosii_spi_slvsec_bsp//obj/HAL/src/crt0.o
 .debug_aranges
                0x0000000000000028       0x20 obj/default/imx421.o
 .debug_aranges
                0x0000000000000048       0x20 obj/default/main.o
 .debug_aranges
                0x0000000000000068       0x28 c:/intelfpga_lite/18.1/nios2eds/bin/gnu/h-x86_64-mingw32/bin/../lib/gcc/nios2-elf/5.3.0/../../../../../H-x86_64-mingw32/nios2-elf/lib\libsmallc.a(lib_a-printf.o)
 .debug_aranges
                0x0000000000000090       0x28 c:/intelfpga_lite/18.1/nios2eds/bin/gnu/h-x86_64-mingw32/bin/../lib/gcc/nios2-elf/5.3.0/../../../../../H-x86_64-mingw32/nios2-elf/lib\libsmallc.a(lib_a-puts.o)
 .debug_aranges
                0x00000000000000b8       0x20 c:/intelfpga_lite/18.1/nios2eds/bin/gnu/h-x86_64-mingw32/bin/../lib/gcc/nios2-elf/5.3.0/../../../../../H-x86_64-mingw32/nios2-elf/lib\libsmallc.a(lib_a-strlen.o)
 .debug_aranges
                0x00000000000000d8       0x30 c:/intelfpga_lite/18.1/nios2eds/bin/gnu/h-x86_64-mingw32/bin/../lib/gcc/nios2-elf/5.3.0/../../../../../H-x86_64-mingw32/nios2-elf/lib\libsmallc.a(lib_a-vfprintf.o)
 .debug_aranges
                0x0000000000000108       0x20 c:/intelfpga_lite/18.1/nios2eds/bin/gnu/h-x86_64-mingw32/bin/../lib/gcc/nios2-elf/5.3.0/../../../../../H-x86_64-mingw32/nios2-elf/lib\libsmallc.a(lib_a-fvwrite_small_dev.o)
 .debug_aranges
                0x0000000000000128       0x18 c:/intelfpga_lite/18.1/nios2eds/bin/gnu/h-x86_64-mingw32/bin/../lib/gcc/nios2-elf/5.3.0/../../../../../H-x86_64-mingw32/nios2-elf/lib\libsmallc.a(lib_a-impure.o)
 .debug_aranges
                0x0000000000000140       0x20 c:/intelfpga_lite/18.1/nios2eds/bin/gnu/h-x86_64-mingw32/bin/../lib/gcc/nios2-elf/5.3.0/../../../../../H-x86_64-mingw32/nios2-elf/lib\libsmallc.a(lib_a-writer.o)
 .debug_aranges
                0x0000000000000160       0x18 c:/intelfpga_lite/18.1/nios2eds/bin/gnu/h-x86_64-mingw32/bin/../lib/gcc/nios2-elf/5.3.0/../../../../../H-x86_64-mingw32/nios2-elf/lib\libsmallc.a(lib_a-int_errno.o)
 .debug_aranges
                0x0000000000000178       0x20 c:/intelfpga_lite/18.1/nios2eds/bin/gnu/h-x86_64-mingw32/bin/../lib/gcc/nios2-elf/5.3.0\libgcc.a(lib2-divmod.o)
 .debug_aranges
                0x0000000000000198       0x20 ../c5_niosii_spi_slvsec_bsp/\libhal_bsp.a(alt_iic.o)
 .debug_aranges
                0x00000000000001b8       0x20 ../c5_niosii_spi_slvsec_bsp/\libhal_bsp.a(alt_iic_isr_register.o)
 .debug_aranges
                0x00000000000001d8       0x30 ../c5_niosii_spi_slvsec_bsp/\libhal_bsp.a(alt_irq_entry.o)
 .debug_aranges
                0x0000000000000208       0x20 ../c5_niosii_spi_slvsec_bsp/\libhal_bsp.a(alt_irq_handler.o)
 .debug_aranges
                0x0000000000000228       0x18 ../c5_niosii_spi_slvsec_bsp/\libhal_bsp.a(alt_irq_vars.o)
 .debug_aranges
                0x0000000000000240       0x20 ../c5_niosii_spi_slvsec_bsp/\libhal_bsp.a(alt_load.o)
 .debug_aranges
                0x0000000000000260       0x20 ../c5_niosii_spi_slvsec_bsp/\libhal_bsp.a(alt_main.o)
 .debug_aranges
                0x0000000000000280       0x20 ../c5_niosii_spi_slvsec_bsp/\libhal_bsp.a(alt_usleep.o)
 .debug_aranges
                0x00000000000002a0       0x20 ../c5_niosii_spi_slvsec_bsp/\libhal_bsp.a(alt_write.o)
 .debug_aranges
                0x00000000000002c0       0x20 ../c5_niosii_spi_slvsec_bsp/\libhal_bsp.a(alt_sys_init.o)
 .debug_aranges
                0x00000000000002e0       0x20 ../c5_niosii_spi_slvsec_bsp/\libhal_bsp.a(altera_avalon_jtag_uart_fd.o)
 .debug_aranges
                0x0000000000000300       0x20 ../c5_niosii_spi_slvsec_bsp/\libhal_bsp.a(altera_avalon_jtag_uart_read.o)
 .debug_aranges
                0x0000000000000320       0x20 ../c5_niosii_spi_slvsec_bsp/\libhal_bsp.a(altera_avalon_jtag_uart_write.o)
 .debug_aranges
                0x0000000000000340       0x20 ../c5_niosii_spi_slvsec_bsp/\libhal_bsp.a(altera_avalon_spi.o)
 .debug_aranges
                0x0000000000000360       0x20 ../c5_niosii_spi_slvsec_bsp/\libhal_bsp.a(altera_avalon_timer_sc.o)
 .debug_aranges
                0x0000000000000380       0x20 ../c5_niosii_spi_slvsec_bsp/\libhal_bsp.a(alt_busy_sleep.o)
 .debug_aranges
                0x00000000000003a0       0x20 ../c5_niosii_spi_slvsec_bsp/\libhal_bsp.a(alt_close.o)
 .debug_aranges
                0x00000000000003c0       0x20 ../c5_niosii_spi_slvsec_bsp/\libhal_bsp.a(alt_dcache_flush_all.o)
 .debug_aranges
                0x00000000000003e0       0x20 ../c5_niosii_spi_slvsec_bsp/\libhal_bsp.a(alt_dev.o)
 .debug_aranges
                0x0000000000000400       0x20 ../c5_niosii_spi_slvsec_bsp/\libhal_bsp.a(alt_dev_llist_insert.o)
 .debug_aranges
                0x0000000000000420       0x18 ../c5_niosii_spi_slvsec_bsp/\libhal_bsp.a(alt_errno.o)
 .debug_aranges
                0x0000000000000438       0x38 ../c5_niosii_spi_slvsec_bsp/\libhal_bsp.a(alt_exception_entry.o)
 .debug_aranges
                0x0000000000000470       0x20 ../c5_niosii_spi_slvsec_bsp/\libhal_bsp.a(alt_icache_flush_all.o)
 .debug_aranges
                0x0000000000000490       0x28 ../c5_niosii_spi_slvsec_bsp/\libhal_bsp.a(alt_instruction_exception_entry.o)
 .debug_aranges
                0x00000000000004b8       0x20 ../c5_niosii_spi_slvsec_bsp/\libhal_bsp.a(alt_io_redirect.o)
 .debug_aranges
                0x00000000000004d8       0x20 ../c5_niosii_spi_slvsec_bsp/\libhal_bsp.a(alt_open.o)
 .debug_aranges
                0x00000000000004f8       0x20 ../c5_niosii_spi_slvsec_bsp/\libhal_bsp.a(alt_release_fd.o)
 .debug_aranges
                0x0000000000000518       0x20 ../c5_niosii_spi_slvsec_bsp/\libhal_bsp.a(alt_tick.o)
 .debug_aranges
                0x0000000000000538       0x20 ../c5_niosii_spi_slvsec_bsp/\libhal_bsp.a(altera_nios2_gen2_irq.o)
 .debug_aranges
                0x0000000000000558       0x20 ../c5_niosii_spi_slvsec_bsp/\libhal_bsp.a(alt_find_dev.o)
 .debug_aranges
                0x0000000000000578       0x20 ../c5_niosii_spi_slvsec_bsp/\libhal_bsp.a(alt_find_file.o)
 .debug_aranges
                0x0000000000000598       0x20 ../c5_niosii_spi_slvsec_bsp/\libhal_bsp.a(alt_get_fd.o)
 .debug_aranges
                0x00000000000005b8       0x20 ../c5_niosii_spi_slvsec_bsp/\libhal_bsp.a(alt_icache_flush.o)
 .debug_aranges
                0x00000000000005d8       0x20 c:/intelfpga_lite/18.1/nios2eds/bin/gnu/h-x86_64-mingw32/bin/../lib/gcc/nios2-elf/5.3.0/../../../../../H-x86_64-mingw32/nios2-elf/lib\libsmallc.a(lib_a-exit.o)
 .debug_aranges
                0x00000000000005f8       0x20 c:/intelfpga_lite/18.1/nios2eds/bin/gnu/h-x86_64-mingw32/bin/../lib/gcc/nios2-elf/5.3.0/../../../../../H-x86_64-mingw32/nios2-elf/lib\libsmallc.a(lib_a-memcmp.o)
 .debug_aranges
                0x0000000000000618       0x20 c:/intelfpga_lite/18.1/nios2eds/bin/gnu/h-x86_64-mingw32/bin/../lib/gcc/nios2-elf/5.3.0/../../../../../H-x86_64-mingw32/nios2-elf/lib\libsmallc.a(lib_a-__call_atexit.o)
 .debug_aranges
                0x0000000000000638       0x20 ../c5_niosii_spi_slvsec_bsp/\libhal_bsp.a(alt_exit.o)

.debug_pubnames
 *(.debug_pubnames)

.debug_info     0x0000000000000000     0x896e
 *(.debug_info .gnu.linkonce.wi.*)
 .debug_info    0x0000000000000000       0x9f ../c5_niosii_spi_slvsec_bsp//obj/HAL/src/crt0.o
 .debug_info    0x000000000000009f      0x2ea obj/default/imx421.o
 .debug_info    0x0000000000000389      0x285 obj/default/main.o
 .debug_info    0x000000000000060e      0x699 c:/intelfpga_lite/18.1/nios2eds/bin/gnu/h-x86_64-mingw32/bin/../lib/gcc/nios2-elf/5.3.0/../../../../../H-x86_64-mingw32/nios2-elf/lib\libsmallc.a(lib_a-printf.o)
 .debug_info    0x0000000000000ca7      0x66d c:/intelfpga_lite/18.1/nios2eds/bin/gnu/h-x86_64-mingw32/bin/../lib/gcc/nios2-elf/5.3.0/../../../../../H-x86_64-mingw32/nios2-elf/lib\libsmallc.a(lib_a-puts.o)
 .debug_info    0x0000000000001314       0xc9 c:/intelfpga_lite/18.1/nios2eds/bin/gnu/h-x86_64-mingw32/bin/../lib/gcc/nios2-elf/5.3.0/../../../../../H-x86_64-mingw32/nios2-elf/lib\libsmallc.a(lib_a-strlen.o)
 .debug_info    0x00000000000013dd      0xb2b c:/intelfpga_lite/18.1/nios2eds/bin/gnu/h-x86_64-mingw32/bin/../lib/gcc/nios2-elf/5.3.0/../../../../../H-x86_64-mingw32/nios2-elf/lib\libsmallc.a(lib_a-vfprintf.o)
 .debug_info    0x0000000000001f08      0x62b c:/intelfpga_lite/18.1/nios2eds/bin/gnu/h-x86_64-mingw32/bin/../lib/gcc/nios2-elf/5.3.0/../../../../../H-x86_64-mingw32/nios2-elf/lib\libsmallc.a(lib_a-fvwrite_small_dev.o)
 .debug_info    0x0000000000002533      0x5a9 c:/intelfpga_lite/18.1/nios2eds/bin/gnu/h-x86_64-mingw32/bin/../lib/gcc/nios2-elf/5.3.0/../../../../../H-x86_64-mingw32/nios2-elf/lib\libsmallc.a(lib_a-impure.o)
 .debug_info    0x0000000000002adc      0x630 c:/intelfpga_lite/18.1/nios2eds/bin/gnu/h-x86_64-mingw32/bin/../lib/gcc/nios2-elf/5.3.0/../../../../../H-x86_64-mingw32/nios2-elf/lib\libsmallc.a(lib_a-writer.o)
 .debug_info    0x000000000000310c       0x8a c:/intelfpga_lite/18.1/nios2eds/bin/gnu/h-x86_64-mingw32/bin/../lib/gcc/nios2-elf/5.3.0/../../../../../H-x86_64-mingw32/nios2-elf/lib\libsmallc.a(lib_a-int_errno.o)
 .debug_info    0x0000000000003196      0x2c6 c:/intelfpga_lite/18.1/nios2eds/bin/gnu/h-x86_64-mingw32/bin/../lib/gcc/nios2-elf/5.3.0\libgcc.a(lib2-divmod.o)
 .debug_info    0x000000000000345c      0x38a ../c5_niosii_spi_slvsec_bsp/\libhal_bsp.a(alt_iic.o)
 .debug_info    0x00000000000037e6      0x232 ../c5_niosii_spi_slvsec_bsp/\libhal_bsp.a(alt_iic_isr_register.o)
 .debug_info    0x0000000000003a18       0xa8 ../c5_niosii_spi_slvsec_bsp/\libhal_bsp.a(alt_irq_entry.o)
 .debug_info    0x0000000000003ac0      0x184 ../c5_niosii_spi_slvsec_bsp/\libhal_bsp.a(alt_irq_handler.o)
 .debug_info    0x0000000000003c44       0x88 ../c5_niosii_spi_slvsec_bsp/\libhal_bsp.a(alt_irq_vars.o)
 .debug_info    0x0000000000003ccc      0x1c9 ../c5_niosii_spi_slvsec_bsp/\libhal_bsp.a(alt_load.o)
 .debug_info    0x0000000000003e95      0x1e5 ../c5_niosii_spi_slvsec_bsp/\libhal_bsp.a(alt_main.o)
 .debug_info    0x000000000000407a       0xd1 ../c5_niosii_spi_slvsec_bsp/\libhal_bsp.a(alt_usleep.o)
 .debug_info    0x000000000000414b      0x4f4 ../c5_niosii_spi_slvsec_bsp/\libhal_bsp.a(alt_write.o)
 .debug_info    0x000000000000463f      0x464 ../c5_niosii_spi_slvsec_bsp/\libhal_bsp.a(alt_sys_init.o)
 .debug_info    0x0000000000004aa3      0x3f5 ../c5_niosii_spi_slvsec_bsp/\libhal_bsp.a(altera_avalon_jtag_uart_fd.o)
 .debug_info    0x0000000000004e98      0x1b4 ../c5_niosii_spi_slvsec_bsp/\libhal_bsp.a(altera_avalon_jtag_uart_read.o)
 .debug_info    0x000000000000504c      0x197 ../c5_niosii_spi_slvsec_bsp/\libhal_bsp.a(altera_avalon_jtag_uart_write.o)
 .debug_info    0x00000000000051e3      0x195 ../c5_niosii_spi_slvsec_bsp/\libhal_bsp.a(altera_avalon_spi.o)
 .debug_info    0x0000000000005378      0x2f2 ../c5_niosii_spi_slvsec_bsp/\libhal_bsp.a(altera_avalon_timer_sc.o)
 .debug_info    0x000000000000566a       0xd8 ../c5_niosii_spi_slvsec_bsp/\libhal_bsp.a(alt_busy_sleep.o)
 .debug_info    0x0000000000005742      0x361 ../c5_niosii_spi_slvsec_bsp/\libhal_bsp.a(alt_close.o)
 .debug_info    0x0000000000005aa3       0xa6 ../c5_niosii_spi_slvsec_bsp/\libhal_bsp.a(alt_dcache_flush_all.o)
 .debug_info    0x0000000000005b49      0x499 ../c5_niosii_spi_slvsec_bsp/\libhal_bsp.a(alt_dev.o)
 .debug_info    0x0000000000005fe2      0x1b7 ../c5_niosii_spi_slvsec_bsp/\libhal_bsp.a(alt_dev_llist_insert.o)
 .debug_info    0x0000000000006199       0xa6 ../c5_niosii_spi_slvsec_bsp/\libhal_bsp.a(alt_errno.o)
 .debug_info    0x000000000000623f       0xae ../c5_niosii_spi_slvsec_bsp/\libhal_bsp.a(alt_exception_entry.o)
 .debug_info    0x00000000000062ed       0xb8 ../c5_niosii_spi_slvsec_bsp/\libhal_bsp.a(alt_icache_flush_all.o)
 .debug_info    0x00000000000063a5      0x1f8 ../c5_niosii_spi_slvsec_bsp/\libhal_bsp.a(alt_instruction_exception_entry.o)
 .debug_info    0x000000000000659d      0x567 ../c5_niosii_spi_slvsec_bsp/\libhal_bsp.a(alt_io_redirect.o)
 .debug_info    0x0000000000006b04      0x48e ../c5_niosii_spi_slvsec_bsp/\libhal_bsp.a(alt_open.o)
 .debug_info    0x0000000000006f92      0x2b1 ../c5_niosii_spi_slvsec_bsp/\libhal_bsp.a(alt_release_fd.o)
 .debug_info    0x0000000000007243      0x327 ../c5_niosii_spi_slvsec_bsp/\libhal_bsp.a(alt_tick.o)
 .debug_info    0x000000000000756a       0x92 ../c5_niosii_spi_slvsec_bsp/\libhal_bsp.a(altera_nios2_gen2_irq.o)
 .debug_info    0x00000000000075fc      0x32d ../c5_niosii_spi_slvsec_bsp/\libhal_bsp.a(alt_find_dev.o)
 .debug_info    0x0000000000007929      0x318 ../c5_niosii_spi_slvsec_bsp/\libhal_bsp.a(alt_find_file.o)
 .debug_info    0x0000000000007c41      0x311 ../c5_niosii_spi_slvsec_bsp/\libhal_bsp.a(alt_get_fd.o)
 .debug_info    0x0000000000007f52       0xde ../c5_niosii_spi_slvsec_bsp/\libhal_bsp.a(alt_icache_flush.o)
 .debug_info    0x0000000000008030       0xe5 c:/intelfpga_lite/18.1/nios2eds/bin/gnu/h-x86_64-mingw32/bin/../lib/gcc/nios2-elf/5.3.0/../../../../../H-x86_64-mingw32/nios2-elf/lib\libsmallc.a(lib_a-exit.o)
 .debug_info    0x0000000000008115       0xf4 c:/intelfpga_lite/18.1/nios2eds/bin/gnu/h-x86_64-mingw32/bin/../lib/gcc/nios2-elf/5.3.0/../../../../../H-x86_64-mingw32/nios2-elf/lib\libsmallc.a(lib_a-memcmp.o)
 .debug_info    0x0000000000008209      0x67b c:/intelfpga_lite/18.1/nios2eds/bin/gnu/h-x86_64-mingw32/bin/../lib/gcc/nios2-elf/5.3.0/../../../../../H-x86_64-mingw32/nios2-elf/lib\libsmallc.a(lib_a-__call_atexit.o)
 .debug_info    0x0000000000008884       0xea ../c5_niosii_spi_slvsec_bsp/\libhal_bsp.a(alt_exit.o)

.debug_abbrev   0x0000000000000000     0x324d
 *(.debug_abbrev)
 .debug_abbrev  0x0000000000000000       0x12 ../c5_niosii_spi_slvsec_bsp//obj/HAL/src/crt0.o
 .debug_abbrev  0x0000000000000012      0x131 obj/default/imx421.o
 .debug_abbrev  0x0000000000000143      0x15d obj/default/main.o
 .debug_abbrev  0x00000000000002a0      0x1ee c:/intelfpga_lite/18.1/nios2eds/bin/gnu/h-x86_64-mingw32/bin/../lib/gcc/nios2-elf/5.3.0/../../../../../H-x86_64-mingw32/nios2-elf/lib\libsmallc.a(lib_a-printf.o)
 .debug_abbrev  0x000000000000048e      0x1d6 c:/intelfpga_lite/18.1/nios2eds/bin/gnu/h-x86_64-mingw32/bin/../lib/gcc/nios2-elf/5.3.0/../../../../../H-x86_64-mingw32/nios2-elf/lib\libsmallc.a(lib_a-puts.o)
 .debug_abbrev  0x0000000000000664       0x7f c:/intelfpga_lite/18.1/nios2eds/bin/gnu/h-x86_64-mingw32/bin/../lib/gcc/nios2-elf/5.3.0/../../../../../H-x86_64-mingw32/nios2-elf/lib\libsmallc.a(lib_a-strlen.o)
 .debug_abbrev  0x00000000000006e3      0x2a1 c:/intelfpga_lite/18.1/nios2eds/bin/gnu/h-x86_64-mingw32/bin/../lib/gcc/nios2-elf/5.3.0/../../../../../H-x86_64-mingw32/nios2-elf/lib\libsmallc.a(lib_a-vfprintf.o)
 .debug_abbrev  0x0000000000000984      0x1bc c:/intelfpga_lite/18.1/nios2eds/bin/gnu/h-x86_64-mingw32/bin/../lib/gcc/nios2-elf/5.3.0/../../../../../H-x86_64-mingw32/nios2-elf/lib\libsmallc.a(lib_a-fvwrite_small_dev.o)
 .debug_abbrev  0x0000000000000b40      0x14a c:/intelfpga_lite/18.1/nios2eds/bin/gnu/h-x86_64-mingw32/bin/../lib/gcc/nios2-elf/5.3.0/../../../../../H-x86_64-mingw32/nios2-elf/lib\libsmallc.a(lib_a-impure.o)
 .debug_abbrev  0x0000000000000c8a      0x1a6 c:/intelfpga_lite/18.1/nios2eds/bin/gnu/h-x86_64-mingw32/bin/../lib/gcc/nios2-elf/5.3.0/../../../../../H-x86_64-mingw32/nios2-elf/lib\libsmallc.a(lib_a-writer.o)
 .debug_abbrev  0x0000000000000e30       0x37 c:/intelfpga_lite/18.1/nios2eds/bin/gnu/h-x86_64-mingw32/bin/../lib/gcc/nios2-elf/5.3.0/../../../../../H-x86_64-mingw32/nios2-elf/lib\libsmallc.a(lib_a-int_errno.o)
 .debug_abbrev  0x0000000000000e67      0x10e c:/intelfpga_lite/18.1/nios2eds/bin/gnu/h-x86_64-mingw32/bin/../lib/gcc/nios2-elf/5.3.0\libgcc.a(lib2-divmod.o)
 .debug_abbrev  0x0000000000000f75      0x1a0 ../c5_niosii_spi_slvsec_bsp/\libhal_bsp.a(alt_iic.o)
 .debug_abbrev  0x0000000000001115      0x19c ../c5_niosii_spi_slvsec_bsp/\libhal_bsp.a(alt_iic_isr_register.o)
 .debug_abbrev  0x00000000000012b1       0x12 ../c5_niosii_spi_slvsec_bsp/\libhal_bsp.a(alt_irq_entry.o)
 .debug_abbrev  0x00000000000012c3      0x120 ../c5_niosii_spi_slvsec_bsp/\libhal_bsp.a(alt_irq_handler.o)
 .debug_abbrev  0x00000000000013e3       0x40 ../c5_niosii_spi_slvsec_bsp/\libhal_bsp.a(alt_irq_vars.o)
 .debug_abbrev  0x0000000000001423       0xe9 ../c5_niosii_spi_slvsec_bsp/\libhal_bsp.a(alt_load.o)
 .debug_abbrev  0x000000000000150c       0xfd ../c5_niosii_spi_slvsec_bsp/\libhal_bsp.a(alt_main.o)
 .debug_abbrev  0x0000000000001609       0x8d ../c5_niosii_spi_slvsec_bsp/\libhal_bsp.a(alt_usleep.o)
 .debug_abbrev  0x0000000000001696      0x150 ../c5_niosii_spi_slvsec_bsp/\libhal_bsp.a(alt_write.o)
 .debug_abbrev  0x00000000000017e6      0x1a1 ../c5_niosii_spi_slvsec_bsp/\libhal_bsp.a(alt_sys_init.o)
 .debug_abbrev  0x0000000000001987      0x122 ../c5_niosii_spi_slvsec_bsp/\libhal_bsp.a(altera_avalon_jtag_uart_fd.o)
 .debug_abbrev  0x0000000000001aa9      0x102 ../c5_niosii_spi_slvsec_bsp/\libhal_bsp.a(altera_avalon_jtag_uart_read.o)
 .debug_abbrev  0x0000000000001bab       0xd5 ../c5_niosii_spi_slvsec_bsp/\libhal_bsp.a(altera_avalon_jtag_uart_write.o)
 .debug_abbrev  0x0000000000001c80       0xa8 ../c5_niosii_spi_slvsec_bsp/\libhal_bsp.a(altera_avalon_spi.o)
 .debug_abbrev  0x0000000000001d28      0x1a2 ../c5_niosii_spi_slvsec_bsp/\libhal_bsp.a(altera_avalon_timer_sc.o)
 .debug_abbrev  0x0000000000001eca       0x8d ../c5_niosii_spi_slvsec_bsp/\libhal_bsp.a(alt_busy_sleep.o)
 .debug_abbrev  0x0000000000001f57      0x15c ../c5_niosii_spi_slvsec_bsp/\libhal_bsp.a(alt_close.o)
 .debug_abbrev  0x00000000000020b3       0x5a ../c5_niosii_spi_slvsec_bsp/\libhal_bsp.a(alt_dcache_flush_all.o)
 .debug_abbrev  0x000000000000210d       0xd9 ../c5_niosii_spi_slvsec_bsp/\libhal_bsp.a(alt_dev.o)
 .debug_abbrev  0x00000000000021e6      0x11e ../c5_niosii_spi_slvsec_bsp/\libhal_bsp.a(alt_dev_llist_insert.o)
 .debug_abbrev  0x0000000000002304       0x5a ../c5_niosii_spi_slvsec_bsp/\libhal_bsp.a(alt_errno.o)
 .debug_abbrev  0x000000000000235e       0x12 ../c5_niosii_spi_slvsec_bsp/\libhal_bsp.a(alt_exception_entry.o)
 .debug_abbrev  0x0000000000002370       0x6f ../c5_niosii_spi_slvsec_bsp/\libhal_bsp.a(alt_icache_flush_all.o)
 .debug_abbrev  0x00000000000023df       0xd8 ../c5_niosii_spi_slvsec_bsp/\libhal_bsp.a(alt_instruction_exception_entry.o)
 .debug_abbrev  0x00000000000024b7      0x189 ../c5_niosii_spi_slvsec_bsp/\libhal_bsp.a(alt_io_redirect.o)
 .debug_abbrev  0x0000000000002640      0x1be ../c5_niosii_spi_slvsec_bsp/\libhal_bsp.a(alt_open.o)
 .debug_abbrev  0x00000000000027fe       0xde ../c5_niosii_spi_slvsec_bsp/\libhal_bsp.a(alt_release_fd.o)
 .debug_abbrev  0x00000000000028dc      0x196 ../c5_niosii_spi_slvsec_bsp/\libhal_bsp.a(alt_tick.o)
 .debug_abbrev  0x0000000000002a72       0x42 ../c5_niosii_spi_slvsec_bsp/\libhal_bsp.a(altera_nios2_gen2_irq.o)
 .debug_abbrev  0x0000000000002ab4      0x125 ../c5_niosii_spi_slvsec_bsp/\libhal_bsp.a(alt_find_dev.o)
 .debug_abbrev  0x0000000000002bd9      0x123 ../c5_niosii_spi_slvsec_bsp/\libhal_bsp.a(alt_find_file.o)
 .debug_abbrev  0x0000000000002cfc      0x10d ../c5_niosii_spi_slvsec_bsp/\libhal_bsp.a(alt_get_fd.o)
 .debug_abbrev  0x0000000000002e09       0x9b ../c5_niosii_spi_slvsec_bsp/\libhal_bsp.a(alt_icache_flush.o)
 .debug_abbrev  0x0000000000002ea4       0x8b c:/intelfpga_lite/18.1/nios2eds/bin/gnu/h-x86_64-mingw32/bin/../lib/gcc/nios2-elf/5.3.0/../../../../../H-x86_64-mingw32/nios2-elf/lib\libsmallc.a(lib_a-exit.o)
 .debug_abbrev  0x0000000000002f2f       0x7f c:/intelfpga_lite/18.1/nios2eds/bin/gnu/h-x86_64-mingw32/bin/../lib/gcc/nios2-elf/5.3.0/../../../../../H-x86_64-mingw32/nios2-elf/lib\libsmallc.a(lib_a-memcmp.o)
 .debug_abbrev  0x0000000000002fae      0x1f6 c:/intelfpga_lite/18.1/nios2eds/bin/gnu/h-x86_64-mingw32/bin/../lib/gcc/nios2-elf/5.3.0/../../../../../H-x86_64-mingw32/nios2-elf/lib\libsmallc.a(lib_a-__call_atexit.o)
 .debug_abbrev  0x00000000000031a4       0xa9 ../c5_niosii_spi_slvsec_bsp/\libhal_bsp.a(alt_exit.o)

.debug_line     0x0000000000000000     0x335f
 *(.debug_line)
 .debug_line    0x0000000000000000       0x72 ../c5_niosii_spi_slvsec_bsp//obj/HAL/src/crt0.o
 .debug_line    0x0000000000000072       0xc0 obj/default/imx421.o
 .debug_line    0x0000000000000132      0x10b obj/default/main.o
 .debug_line    0x000000000000023d      0x200 c:/intelfpga_lite/18.1/nios2eds/bin/gnu/h-x86_64-mingw32/bin/../lib/gcc/nios2-elf/5.3.0/../../../../../H-x86_64-mingw32/nios2-elf/lib\libsmallc.a(lib_a-printf.o)
 .debug_line    0x000000000000043d      0x203 c:/intelfpga_lite/18.1/nios2eds/bin/gnu/h-x86_64-mingw32/bin/../lib/gcc/nios2-elf/5.3.0/../../../../../H-x86_64-mingw32/nios2-elf/lib\libsmallc.a(lib_a-puts.o)
 .debug_line    0x0000000000000640      0x159 c:/intelfpga_lite/18.1/nios2eds/bin/gnu/h-x86_64-mingw32/bin/../lib/gcc/nios2-elf/5.3.0/../../../../../H-x86_64-mingw32/nios2-elf/lib\libsmallc.a(lib_a-strlen.o)
 .debug_line    0x0000000000000799      0x34f c:/intelfpga_lite/18.1/nios2eds/bin/gnu/h-x86_64-mingw32/bin/../lib/gcc/nios2-elf/5.3.0/../../../../../H-x86_64-mingw32/nios2-elf/lib\libsmallc.a(lib_a-vfprintf.o)
 .debug_line    0x0000000000000ae8      0x1ed c:/intelfpga_lite/18.1/nios2eds/bin/gnu/h-x86_64-mingw32/bin/../lib/gcc/nios2-elf/5.3.0/../../../../../H-x86_64-mingw32/nios2-elf/lib\libsmallc.a(lib_a-fvwrite_small_dev.o)
 .debug_line    0x0000000000000cd5      0x153 c:/intelfpga_lite/18.1/nios2eds/bin/gnu/h-x86_64-mingw32/bin/../lib/gcc/nios2-elf/5.3.0/../../../../../H-x86_64-mingw32/nios2-elf/lib\libsmallc.a(lib_a-impure.o)
 .debug_line    0x0000000000000e28      0x1ea c:/intelfpga_lite/18.1/nios2eds/bin/gnu/h-x86_64-mingw32/bin/../lib/gcc/nios2-elf/5.3.0/../../../../../H-x86_64-mingw32/nios2-elf/lib\libsmallc.a(lib_a-writer.o)
 .debug_line    0x0000000000001012       0x5c c:/intelfpga_lite/18.1/nios2eds/bin/gnu/h-x86_64-mingw32/bin/../lib/gcc/nios2-elf/5.3.0/../../../../../H-x86_64-mingw32/nios2-elf/lib\libsmallc.a(lib_a-int_errno.o)
 .debug_line    0x000000000000106e      0x102 c:/intelfpga_lite/18.1/nios2eds/bin/gnu/h-x86_64-mingw32/bin/../lib/gcc/nios2-elf/5.3.0\libgcc.a(lib2-divmod.o)
 .debug_line    0x0000000000001170       0xf1 ../c5_niosii_spi_slvsec_bsp/\libhal_bsp.a(alt_iic.o)
 .debug_line    0x0000000000001261       0xd8 ../c5_niosii_spi_slvsec_bsp/\libhal_bsp.a(alt_iic_isr_register.o)
 .debug_line    0x0000000000001339       0x6b ../c5_niosii_spi_slvsec_bsp/\libhal_bsp.a(alt_irq_entry.o)
 .debug_line    0x00000000000013a4       0xab ../c5_niosii_spi_slvsec_bsp/\libhal_bsp.a(alt_irq_handler.o)
 .debug_line    0x000000000000144f       0x50 ../c5_niosii_spi_slvsec_bsp/\libhal_bsp.a(alt_irq_vars.o)
 .debug_line    0x000000000000149f       0xad ../c5_niosii_spi_slvsec_bsp/\libhal_bsp.a(alt_load.o)
 .debug_line    0x000000000000154c      0x173 ../c5_niosii_spi_slvsec_bsp/\libhal_bsp.a(alt_main.o)
 .debug_line    0x00000000000016bf       0xcf ../c5_niosii_spi_slvsec_bsp/\libhal_bsp.a(alt_usleep.o)
 .debug_line    0x000000000000178e      0x1d6 ../c5_niosii_spi_slvsec_bsp/\libhal_bsp.a(alt_write.o)
 .debug_line    0x0000000000001964      0x15f ../c5_niosii_spi_slvsec_bsp/\libhal_bsp.a(alt_sys_init.o)
 .debug_line    0x0000000000001ac3      0x10b ../c5_niosii_spi_slvsec_bsp/\libhal_bsp.a(altera_avalon_jtag_uart_fd.o)
 .debug_line    0x0000000000001bce       0xfa ../c5_niosii_spi_slvsec_bsp/\libhal_bsp.a(altera_avalon_jtag_uart_read.o)
 .debug_line    0x0000000000001cc8       0xef ../c5_niosii_spi_slvsec_bsp/\libhal_bsp.a(altera_avalon_jtag_uart_write.o)
 .debug_line    0x0000000000001db7       0xcb ../c5_niosii_spi_slvsec_bsp/\libhal_bsp.a(altera_avalon_spi.o)
 .debug_line    0x0000000000001e82      0x11a ../c5_niosii_spi_slvsec_bsp/\libhal_bsp.a(altera_avalon_timer_sc.o)
 .debug_line    0x0000000000001f9c       0xb4 ../c5_niosii_spi_slvsec_bsp/\libhal_bsp.a(alt_busy_sleep.o)
 .debug_line    0x0000000000002050      0x162 ../c5_niosii_spi_slvsec_bsp/\libhal_bsp.a(alt_close.o)
 .debug_line    0x00000000000021b2       0x5a ../c5_niosii_spi_slvsec_bsp/\libhal_bsp.a(alt_dcache_flush_all.o)
 .debug_line    0x000000000000220c       0xf6 ../c5_niosii_spi_slvsec_bsp/\libhal_bsp.a(alt_dev.o)
 .debug_line    0x0000000000002302       0xe1 ../c5_niosii_spi_slvsec_bsp/\libhal_bsp.a(alt_dev_llist_insert.o)
 .debug_line    0x00000000000023e3       0x51 ../c5_niosii_spi_slvsec_bsp/\libhal_bsp.a(alt_errno.o)
 .debug_line    0x0000000000002434       0xb3 ../c5_niosii_spi_slvsec_bsp/\libhal_bsp.a(alt_exception_entry.o)
 .debug_line    0x00000000000024e7       0x6e ../c5_niosii_spi_slvsec_bsp/\libhal_bsp.a(alt_icache_flush_all.o)
 .debug_line    0x0000000000002555       0xc7 ../c5_niosii_spi_slvsec_bsp/\libhal_bsp.a(alt_instruction_exception_entry.o)
 .debug_line    0x000000000000261c      0x14c ../c5_niosii_spi_slvsec_bsp/\libhal_bsp.a(alt_io_redirect.o)
 .debug_line    0x0000000000002768      0x11e ../c5_niosii_spi_slvsec_bsp/\libhal_bsp.a(alt_open.o)
 .debug_line    0x0000000000002886       0xac ../c5_niosii_spi_slvsec_bsp/\libhal_bsp.a(alt_release_fd.o)
 .debug_line    0x0000000000002932      0x11e ../c5_niosii_spi_slvsec_bsp/\libhal_bsp.a(alt_tick.o)
 .debug_line    0x0000000000002a50       0x50 ../c5_niosii_spi_slvsec_bsp/\libhal_bsp.a(altera_nios2_gen2_irq.o)
 .debug_line    0x0000000000002aa0      0x10f ../c5_niosii_spi_slvsec_bsp/\libhal_bsp.a(alt_find_dev.o)
 .debug_line    0x0000000000002baf      0x127 ../c5_niosii_spi_slvsec_bsp/\libhal_bsp.a(alt_find_file.o)
 .debug_line    0x0000000000002cd6       0xcc ../c5_niosii_spi_slvsec_bsp/\libhal_bsp.a(alt_get_fd.o)
 .debug_line    0x0000000000002da2       0x77 ../c5_niosii_spi_slvsec_bsp/\libhal_bsp.a(alt_icache_flush.o)
 .debug_line    0x0000000000002e19      0x156 c:/intelfpga_lite/18.1/nios2eds/bin/gnu/h-x86_64-mingw32/bin/../lib/gcc/nios2-elf/5.3.0/../../../../../H-x86_64-mingw32/nios2-elf/lib\libsmallc.a(lib_a-exit.o)
 .debug_line    0x0000000000002f6f      0x15d c:/intelfpga_lite/18.1/nios2eds/bin/gnu/h-x86_64-mingw32/bin/../lib/gcc/nios2-elf/5.3.0/../../../../../H-x86_64-mingw32/nios2-elf/lib\libsmallc.a(lib_a-memcmp.o)
 .debug_line    0x00000000000030cc      0x22f c:/intelfpga_lite/18.1/nios2eds/bin/gnu/h-x86_64-mingw32/bin/../lib/gcc/nios2-elf/5.3.0/../../../../../H-x86_64-mingw32/nios2-elf/lib\libsmallc.a(lib_a-__call_atexit.o)
 .debug_line    0x00000000000032fb       0x64 ../c5_niosii_spi_slvsec_bsp/\libhal_bsp.a(alt_exit.o)

.debug_frame    0x0000000000000000      0x9dc
 *(.debug_frame)
 .debug_frame   0x0000000000000000       0x60 obj/default/imx421.o
 .debug_frame   0x0000000000000060       0xec obj/default/main.o
 .debug_frame   0x000000000000014c       0x48 c:/intelfpga_lite/18.1/nios2eds/bin/gnu/h-x86_64-mingw32/bin/../lib/gcc/nios2-elf/5.3.0/../../../../../H-x86_64-mingw32/nios2-elf/lib\libsmallc.a(lib_a-printf.o)
 .debug_frame   0x0000000000000194       0x48 c:/intelfpga_lite/18.1/nios2eds/bin/gnu/h-x86_64-mingw32/bin/../lib/gcc/nios2-elf/5.3.0/../../../../../H-x86_64-mingw32/nios2-elf/lib\libsmallc.a(lib_a-puts.o)
 .debug_frame   0x00000000000001dc       0x20 c:/intelfpga_lite/18.1/nios2eds/bin/gnu/h-x86_64-mingw32/bin/../lib/gcc/nios2-elf/5.3.0/../../../../../H-x86_64-mingw32/nios2-elf/lib\libsmallc.a(lib_a-strlen.o)
 .debug_frame   0x00000000000001fc       0x8c c:/intelfpga_lite/18.1/nios2eds/bin/gnu/h-x86_64-mingw32/bin/../lib/gcc/nios2-elf/5.3.0/../../../../../H-x86_64-mingw32/nios2-elf/lib\libsmallc.a(lib_a-vfprintf.o)
 .debug_frame   0x0000000000000288       0x58 c:/intelfpga_lite/18.1/nios2eds/bin/gnu/h-x86_64-mingw32/bin/../lib/gcc/nios2-elf/5.3.0/../../../../../H-x86_64-mingw32/nios2-elf/lib\libsmallc.a(lib_a-fvwrite_small_dev.o)
 .debug_frame   0x00000000000002e0       0x38 c:/intelfpga_lite/18.1/nios2eds/bin/gnu/h-x86_64-mingw32/bin/../lib/gcc/nios2-elf/5.3.0/../../../../../H-x86_64-mingw32/nios2-elf/lib\libsmallc.a(lib_a-writer.o)
 .debug_frame   0x0000000000000318       0x50 c:/intelfpga_lite/18.1/nios2eds/bin/gnu/h-x86_64-mingw32/bin/../lib/gcc/nios2-elf/5.3.0\libgcc.a(lib2-divmod.o)
 .debug_frame   0x0000000000000368       0x50 ../c5_niosii_spi_slvsec_bsp/\libhal_bsp.a(alt_iic.o)
 .debug_frame   0x00000000000003b8       0x38 ../c5_niosii_spi_slvsec_bsp/\libhal_bsp.a(alt_iic_isr_register.o)
 .debug_frame   0x00000000000003f0       0x30 ../c5_niosii_spi_slvsec_bsp/\libhal_bsp.a(alt_irq_handler.o)
 .debug_frame   0x0000000000000420       0x2c ../c5_niosii_spi_slvsec_bsp/\libhal_bsp.a(alt_load.o)
 .debug_frame   0x000000000000044c       0x28 ../c5_niosii_spi_slvsec_bsp/\libhal_bsp.a(alt_main.o)
 .debug_frame   0x0000000000000474       0x20 ../c5_niosii_spi_slvsec_bsp/\libhal_bsp.a(alt_usleep.o)
 .debug_frame   0x0000000000000494       0x34 ../c5_niosii_spi_slvsec_bsp/\libhal_bsp.a(alt_write.o)
 .debug_frame   0x00000000000004c8       0x48 ../c5_niosii_spi_slvsec_bsp/\libhal_bsp.a(alt_sys_init.o)
 .debug_frame   0x0000000000000510       0x30 ../c5_niosii_spi_slvsec_bsp/\libhal_bsp.a(altera_avalon_jtag_uart_fd.o)
 .debug_frame   0x0000000000000540       0x20 ../c5_niosii_spi_slvsec_bsp/\libhal_bsp.a(altera_avalon_jtag_uart_read.o)
 .debug_frame   0x0000000000000560       0x20 ../c5_niosii_spi_slvsec_bsp/\libhal_bsp.a(altera_avalon_jtag_uart_write.o)
 .debug_frame   0x0000000000000580       0x20 ../c5_niosii_spi_slvsec_bsp/\libhal_bsp.a(altera_avalon_spi.o)
 .debug_frame   0x00000000000005a0       0x4c ../c5_niosii_spi_slvsec_bsp/\libhal_bsp.a(altera_avalon_timer_sc.o)
 .debug_frame   0x00000000000005ec       0x34 ../c5_niosii_spi_slvsec_bsp/\libhal_bsp.a(alt_busy_sleep.o)
 .debug_frame   0x0000000000000620       0x38 ../c5_niosii_spi_slvsec_bsp/\libhal_bsp.a(alt_close.o)
 .debug_frame   0x0000000000000658       0x20 ../c5_niosii_spi_slvsec_bsp/\libhal_bsp.a(alt_dcache_flush_all.o)
 .debug_frame   0x0000000000000678       0x20 ../c5_niosii_spi_slvsec_bsp/\libhal_bsp.a(alt_dev.o)
 .debug_frame   0x0000000000000698       0x2c ../c5_niosii_spi_slvsec_bsp/\libhal_bsp.a(alt_dev_llist_insert.o)
 .debug_frame   0x00000000000006c4       0x20 ../c5_niosii_spi_slvsec_bsp/\libhal_bsp.a(alt_icache_flush_all.o)
 .debug_frame   0x00000000000006e4       0x30 ../c5_niosii_spi_slvsec_bsp/\libhal_bsp.a(alt_instruction_exception_entry.o)
 .debug_frame   0x0000000000000714       0x6c ../c5_niosii_spi_slvsec_bsp/\libhal_bsp.a(alt_io_redirect.o)
 .debug_frame   0x0000000000000780       0x48 ../c5_niosii_spi_slvsec_bsp/\libhal_bsp.a(alt_open.o)
 .debug_frame   0x00000000000007c8       0x20 ../c5_niosii_spi_slvsec_bsp/\libhal_bsp.a(alt_release_fd.o)
 .debug_frame   0x00000000000007e8       0x54 ../c5_niosii_spi_slvsec_bsp/\libhal_bsp.a(alt_tick.o)
 .debug_frame   0x000000000000083c       0x20 ../c5_niosii_spi_slvsec_bsp/\libhal_bsp.a(altera_nios2_gen2_irq.o)
 .debug_frame   0x000000000000085c       0x40 ../c5_niosii_spi_slvsec_bsp/\libhal_bsp.a(alt_find_dev.o)
 .debug_frame   0x000000000000089c       0x44 ../c5_niosii_spi_slvsec_bsp/\libhal_bsp.a(alt_find_file.o)
 .debug_frame   0x00000000000008e0       0x20 ../c5_niosii_spi_slvsec_bsp/\libhal_bsp.a(alt_get_fd.o)
 .debug_frame   0x0000000000000900       0x20 ../c5_niosii_spi_slvsec_bsp/\libhal_bsp.a(alt_icache_flush.o)
 .debug_frame   0x0000000000000920       0x28 c:/intelfpga_lite/18.1/nios2eds/bin/gnu/h-x86_64-mingw32/bin/../lib/gcc/nios2-elf/5.3.0/../../../../../H-x86_64-mingw32/nios2-elf/lib\libsmallc.a(lib_a-exit.o)
 .debug_frame   0x0000000000000948       0x20 c:/intelfpga_lite/18.1/nios2eds/bin/gnu/h-x86_64-mingw32/bin/../lib/gcc/nios2-elf/5.3.0/../../../../../H-x86_64-mingw32/nios2-elf/lib\libsmallc.a(lib_a-memcmp.o)
 .debug_frame   0x0000000000000968       0x54 c:/intelfpga_lite/18.1/nios2eds/bin/gnu/h-x86_64-mingw32/bin/../lib/gcc/nios2-elf/5.3.0/../../../../../H-x86_64-mingw32/nios2-elf/lib\libsmallc.a(lib_a-__call_atexit.o)
 .debug_frame   0x00000000000009bc       0x20 ../c5_niosii_spi_slvsec_bsp/\libhal_bsp.a(alt_exit.o)

.debug_str      0x0000000000000000     0x2034
 *(.debug_str)
 .debug_str     0x0000000000000000      0x26f obj/default/imx421.o
                                        0x2b3 (size before relaxing)
 .debug_str     0x000000000000026f      0x149 obj/default/main.o
                                        0x364 (size before relaxing)
 .debug_str     0x00000000000003b8      0x40f c:/intelfpga_lite/18.1/nios2eds/bin/gnu/h-x86_64-mingw32/bin/../lib/gcc/nios2-elf/5.3.0/../../../../../H-x86_64-mingw32/nios2-elf/lib\libsmallc.a(lib_a-printf.o)
                                        0x4ea (size before relaxing)
 .debug_str     0x00000000000007c7       0x60 c:/intelfpga_lite/18.1/nios2eds/bin/gnu/h-x86_64-mingw32/bin/../lib/gcc/nios2-elf/5.3.0/../../../../../H-x86_64-mingw32/nios2-elf/lib\libsmallc.a(lib_a-puts.o)
                                        0x4b3 (size before relaxing)
 .debug_str     0x0000000000000827       0xc4 c:/intelfpga_lite/18.1/nios2eds/bin/gnu/h-x86_64-mingw32/bin/../lib/gcc/nios2-elf/5.3.0/../../../../../H-x86_64-mingw32/nios2-elf/lib\libsmallc.a(lib_a-strlen.o)
                                        0x1cb (size before relaxing)
 .debug_str     0x00000000000008eb      0x1e9 c:/intelfpga_lite/18.1/nios2eds/bin/gnu/h-x86_64-mingw32/bin/../lib/gcc/nios2-elf/5.3.0/../../../../../H-x86_64-mingw32/nios2-elf/lib\libsmallc.a(lib_a-vfprintf.o)
                                        0x665 (size before relaxing)
 .debug_str     0x0000000000000ad4       0x60 c:/intelfpga_lite/18.1/nios2eds/bin/gnu/h-x86_64-mingw32/bin/../lib/gcc/nios2-elf/5.3.0/../../../../../H-x86_64-mingw32/nios2-elf/lib\libsmallc.a(lib_a-fvwrite_small_dev.o)
                                        0x4ba (size before relaxing)
 .debug_str     0x0000000000000b34       0xe1 c:/intelfpga_lite/18.1/nios2eds/bin/gnu/h-x86_64-mingw32/bin/../lib/gcc/nios2-elf/5.3.0/../../../../../H-x86_64-mingw32/nios2-elf/lib\libsmallc.a(lib_a-impure.o)
                                        0x4a4 (size before relaxing)
 .debug_str     0x0000000000000c15       0x42 c:/intelfpga_lite/18.1/nios2eds/bin/gnu/h-x86_64-mingw32/bin/../lib/gcc/nios2-elf/5.3.0/../../../../../H-x86_64-mingw32/nios2-elf/lib\libsmallc.a(lib_a-writer.o)
                                        0x49e (size before relaxing)
 .debug_str     0x0000000000000c57       0x3c c:/intelfpga_lite/18.1/nios2eds/bin/gnu/h-x86_64-mingw32/bin/../lib/gcc/nios2-elf/5.3.0/../../../../../H-x86_64-mingw32/nios2-elf/lib\libsmallc.a(lib_a-int_errno.o)
                                        0x1be (size before relaxing)
 .debug_str     0x0000000000000c93      0x16d c:/intelfpga_lite/18.1/nios2eds/bin/gnu/h-x86_64-mingw32/bin/../lib/gcc/nios2-elf/5.3.0\libgcc.a(lib2-divmod.o)
                                        0x1b8 (size before relaxing)
 .debug_str     0x0000000000000e00      0x1c2 ../c5_niosii_spi_slvsec_bsp/\libhal_bsp.a(alt_iic.o)
                                        0x281 (size before relaxing)
 .debug_str     0x0000000000000fc2       0x37 ../c5_niosii_spi_slvsec_bsp/\libhal_bsp.a(alt_iic_isr_register.o)
                                        0x23b (size before relaxing)
 .debug_str     0x0000000000000ff9       0x3a ../c5_niosii_spi_slvsec_bsp/\libhal_bsp.a(alt_irq_handler.o)
                                        0x1c5 (size before relaxing)
 .debug_str     0x0000000000001033       0x17 ../c5_niosii_spi_slvsec_bsp/\libhal_bsp.a(alt_irq_vars.o)
                                        0x168 (size before relaxing)
 .debug_str     0x000000000000104a      0x113 ../c5_niosii_spi_slvsec_bsp/\libhal_bsp.a(alt_load.o)
                                        0x26a (size before relaxing)
 .debug_str     0x000000000000115d       0xa0 ../c5_niosii_spi_slvsec_bsp/\libhal_bsp.a(alt_main.o)
                                        0x205 (size before relaxing)
 .debug_str     0x00000000000011fd       0x2f ../c5_niosii_spi_slvsec_bsp/\libhal_bsp.a(alt_usleep.o)
                                        0x185 (size before relaxing)
 .debug_str     0x000000000000122c      0x159 ../c5_niosii_spi_slvsec_bsp/\libhal_bsp.a(alt_write.o)
                                        0x326 (size before relaxing)
 .debug_str     0x0000000000001385      0x172 ../c5_niosii_spi_slvsec_bsp/\libhal_bsp.a(alt_sys_init.o)
                                        0x38e (size before relaxing)
 .debug_str     0x00000000000014f7       0xb2 ../c5_niosii_spi_slvsec_bsp/\libhal_bsp.a(altera_avalon_jtag_uart_fd.o)
                                        0x33e (size before relaxing)
 .debug_str     0x00000000000015a9       0x2b ../c5_niosii_spi_slvsec_bsp/\libhal_bsp.a(altera_avalon_jtag_uart_read.o)
                                        0x24d (size before relaxing)
 .debug_str     0x00000000000015d4       0x2c ../c5_niosii_spi_slvsec_bsp/\libhal_bsp.a(altera_avalon_jtag_uart_write.o)
                                        0x243 (size before relaxing)
 .debug_str     0x0000000000001600       0xa0 ../c5_niosii_spi_slvsec_bsp/\libhal_bsp.a(altera_avalon_spi.o)
                                        0x20e (size before relaxing)
 .debug_str     0x00000000000016a0       0x7e ../c5_niosii_spi_slvsec_bsp/\libhal_bsp.a(altera_avalon_timer_sc.o)
                                        0x346 (size before relaxing)
 .debug_str     0x000000000000171e       0x33 ../c5_niosii_spi_slvsec_bsp/\libhal_bsp.a(alt_busy_sleep.o)
                                        0x199 (size before relaxing)
 .debug_str     0x0000000000001751       0x2a ../c5_niosii_spi_slvsec_bsp/\libhal_bsp.a(alt_close.o)
                                        0x248 (size before relaxing)
 .debug_str     0x000000000000177b       0x1f ../c5_niosii_spi_slvsec_bsp/\libhal_bsp.a(alt_dcache_flush_all.o)
                                        0x183 (size before relaxing)
 .debug_str     0x000000000000179a       0x49 ../c5_niosii_spi_slvsec_bsp/\libhal_bsp.a(alt_dev.o)
                                        0x333 (size before relaxing)
 .debug_str     0x00000000000017e3       0x30 ../c5_niosii_spi_slvsec_bsp/\libhal_bsp.a(alt_dev_llist_insert.o)
                                        0x1fa (size before relaxing)
 .debug_str     0x0000000000001813       0x14 ../c5_niosii_spi_slvsec_bsp/\libhal_bsp.a(alt_errno.o)
                                        0x173 (size before relaxing)
 .debug_str     0x0000000000001827       0x30 ../c5_niosii_spi_slvsec_bsp/\libhal_bsp.a(alt_icache_flush_all.o)
                                        0x194 (size before relaxing)
 .debug_str     0x0000000000001857      0x48b ../c5_niosii_spi_slvsec_bsp/\libhal_bsp.a(alt_instruction_exception_entry.o)
                                        0x5ce (size before relaxing)
 .debug_str     0x0000000000001ce2       0x46 ../c5_niosii_spi_slvsec_bsp/\libhal_bsp.a(alt_io_redirect.o)
                                        0x353 (size before relaxing)
 .debug_str     0x0000000000001d28       0x55 ../c5_niosii_spi_slvsec_bsp/\libhal_bsp.a(alt_open.o)
                                        0x2ae (size before relaxing)
 .debug_str     0x0000000000001d7d       0x19 ../c5_niosii_spi_slvsec_bsp/\libhal_bsp.a(alt_release_fd.o)
                                        0x201 (size before relaxing)
 .debug_str     0x0000000000001d96       0x6f ../c5_niosii_spi_slvsec_bsp/\libhal_bsp.a(alt_tick.o)
                                        0x280 (size before relaxing)
 .debug_str     0x0000000000001e05       0x20 ../c5_niosii_spi_slvsec_bsp/\libhal_bsp.a(altera_nios2_gen2_irq.o)
                                        0x18a (size before relaxing)
 .debug_str     0x0000000000001e25       0x1e ../c5_niosii_spi_slvsec_bsp/\libhal_bsp.a(alt_find_dev.o)
                                        0x228 (size before relaxing)
 .debug_str     0x0000000000001e43       0x18 ../c5_niosii_spi_slvsec_bsp/\libhal_bsp.a(alt_find_file.o)
                                        0x236 (size before relaxing)
 .debug_str     0x0000000000001e5b       0x25 ../c5_niosii_spi_slvsec_bsp/\libhal_bsp.a(alt_get_fd.o)
                                        0x24a (size before relaxing)
 .debug_str     0x0000000000001e80       0x1b ../c5_niosii_spi_slvsec_bsp/\libhal_bsp.a(alt_icache_flush.o)
                                        0x189 (size before relaxing)
 .debug_str     0x0000000000001e9b       0xd3 c:/intelfpga_lite/18.1/nios2eds/bin/gnu/h-x86_64-mingw32/bin/../lib/gcc/nios2-elf/5.3.0/../../../../../H-x86_64-mingw32/nios2-elf/lib\libsmallc.a(lib_a-exit.o)
                                        0x1d6 (size before relaxing)
 .debug_str     0x0000000000001f6e       0x3a c:/intelfpga_lite/18.1/nios2eds/bin/gnu/h-x86_64-mingw32/bin/../lib/gcc/nios2-elf/5.3.0/../../../../../H-x86_64-mingw32/nios2-elf/lib\libsmallc.a(lib_a-memcmp.o)
                                        0x1c5 (size before relaxing)
 .debug_str     0x0000000000001fa8       0x62 c:/intelfpga_lite/18.1/nios2eds/bin/gnu/h-x86_64-mingw32/bin/../lib/gcc/nios2-elf/5.3.0/../../../../../H-x86_64-mingw32/nios2-elf/lib\libsmallc.a(lib_a-__call_atexit.o)
                                        0x4d1 (size before relaxing)
 .debug_str     0x000000000000200a       0x2a ../c5_niosii_spi_slvsec_bsp/\libhal_bsp.a(alt_exit.o)
                                        0x17f (size before relaxing)

.debug_loc      0x0000000000000000     0x2711
 *(.debug_loc)
 .debug_loc     0x0000000000000000       0xc6 c:/intelfpga_lite/18.1/nios2eds/bin/gnu/h-x86_64-mingw32/bin/../lib/gcc/nios2-elf/5.3.0/../../../../../H-x86_64-mingw32/nios2-elf/lib\libsmallc.a(lib_a-printf.o)
 .debug_loc     0x00000000000000c6       0x97 c:/intelfpga_lite/18.1/nios2eds/bin/gnu/h-x86_64-mingw32/bin/../lib/gcc/nios2-elf/5.3.0/../../../../../H-x86_64-mingw32/nios2-elf/lib\libsmallc.a(lib_a-puts.o)
 .debug_loc     0x000000000000015d       0x1e c:/intelfpga_lite/18.1/nios2eds/bin/gnu/h-x86_64-mingw32/bin/../lib/gcc/nios2-elf/5.3.0/../../../../../H-x86_64-mingw32/nios2-elf/lib\libsmallc.a(lib_a-strlen.o)
 .debug_loc     0x000000000000017b      0x901 c:/intelfpga_lite/18.1/nios2eds/bin/gnu/h-x86_64-mingw32/bin/../lib/gcc/nios2-elf/5.3.0/../../../../../H-x86_64-mingw32/nios2-elf/lib\libsmallc.a(lib_a-vfprintf.o)
 .debug_loc     0x0000000000000a7c      0x110 c:/intelfpga_lite/18.1/nios2eds/bin/gnu/h-x86_64-mingw32/bin/../lib/gcc/nios2-elf/5.3.0/../../../../../H-x86_64-mingw32/nios2-elf/lib\libsmallc.a(lib_a-fvwrite_small_dev.o)
 .debug_loc     0x0000000000000b8c       0xa5 c:/intelfpga_lite/18.1/nios2eds/bin/gnu/h-x86_64-mingw32/bin/../lib/gcc/nios2-elf/5.3.0/../../../../../H-x86_64-mingw32/nios2-elf/lib\libsmallc.a(lib_a-writer.o)
 .debug_loc     0x0000000000000c31      0x4ce c:/intelfpga_lite/18.1/nios2eds/bin/gnu/h-x86_64-mingw32/bin/../lib/gcc/nios2-elf/5.3.0\libgcc.a(lib2-divmod.o)
 .debug_loc     0x00000000000010ff      0x170 ../c5_niosii_spi_slvsec_bsp/\libhal_bsp.a(alt_iic.o)
 .debug_loc     0x000000000000126f      0x193 ../c5_niosii_spi_slvsec_bsp/\libhal_bsp.a(alt_iic_isr_register.o)
 .debug_loc     0x0000000000001402       0x51 ../c5_niosii_spi_slvsec_bsp/\libhal_bsp.a(alt_irq_handler.o)
 .debug_loc     0x0000000000001453       0x1e ../c5_niosii_spi_slvsec_bsp/\libhal_bsp.a(alt_main.o)
 .debug_loc     0x0000000000001471       0x21 ../c5_niosii_spi_slvsec_bsp/\libhal_bsp.a(alt_usleep.o)
 .debug_loc     0x0000000000001492      0x17a ../c5_niosii_spi_slvsec_bsp/\libhal_bsp.a(alt_write.o)
 .debug_loc     0x000000000000160c       0x21 ../c5_niosii_spi_slvsec_bsp/\libhal_bsp.a(alt_sys_init.o)
 .debug_loc     0x000000000000162d      0x104 ../c5_niosii_spi_slvsec_bsp/\libhal_bsp.a(altera_avalon_jtag_uart_fd.o)
 .debug_loc     0x0000000000001731      0x118 ../c5_niosii_spi_slvsec_bsp/\libhal_bsp.a(altera_avalon_jtag_uart_read.o)
 .debug_loc     0x0000000000001849       0x8b ../c5_niosii_spi_slvsec_bsp/\libhal_bsp.a(altera_avalon_jtag_uart_write.o)
 .debug_loc     0x00000000000018d4      0x1bd ../c5_niosii_spi_slvsec_bsp/\libhal_bsp.a(altera_avalon_spi.o)
 .debug_loc     0x0000000000001a91       0xec ../c5_niosii_spi_slvsec_bsp/\libhal_bsp.a(altera_avalon_timer_sc.o)
 .debug_loc     0x0000000000001b7d       0x80 ../c5_niosii_spi_slvsec_bsp/\libhal_bsp.a(alt_busy_sleep.o)
 .debug_loc     0x0000000000001bfd       0xdd ../c5_niosii_spi_slvsec_bsp/\libhal_bsp.a(alt_close.o)
 .debug_loc     0x0000000000001cda       0x1f ../c5_niosii_spi_slvsec_bsp/\libhal_bsp.a(alt_dcache_flush_all.o)
 .debug_loc     0x0000000000001cf9       0x7e ../c5_niosii_spi_slvsec_bsp/\libhal_bsp.a(alt_dev_llist_insert.o)
 .debug_loc     0x0000000000001d77       0xaf ../c5_niosii_spi_slvsec_bsp/\libhal_bsp.a(alt_instruction_exception_entry.o)
 .debug_loc     0x0000000000001e26      0x155 ../c5_niosii_spi_slvsec_bsp/\libhal_bsp.a(alt_io_redirect.o)
 .debug_loc     0x0000000000001f7b      0x2ec ../c5_niosii_spi_slvsec_bsp/\libhal_bsp.a(alt_open.o)
 .debug_loc     0x0000000000002267       0x21 ../c5_niosii_spi_slvsec_bsp/\libhal_bsp.a(alt_release_fd.o)
 .debug_loc     0x0000000000002288       0xdd ../c5_niosii_spi_slvsec_bsp/\libhal_bsp.a(alt_tick.o)
 .debug_loc     0x0000000000002365       0x7e ../c5_niosii_spi_slvsec_bsp/\libhal_bsp.a(alt_find_dev.o)
 .debug_loc     0x00000000000023e3       0x94 ../c5_niosii_spi_slvsec_bsp/\libhal_bsp.a(alt_find_file.o)
 .debug_loc     0x0000000000002477       0x3f ../c5_niosii_spi_slvsec_bsp/\libhal_bsp.a(alt_get_fd.o)
 .debug_loc     0x00000000000024b6       0x52 ../c5_niosii_spi_slvsec_bsp/\libhal_bsp.a(alt_icache_flush.o)
 .debug_loc     0x0000000000002508       0x1e c:/intelfpga_lite/18.1/nios2eds/bin/gnu/h-x86_64-mingw32/bin/../lib/gcc/nios2-elf/5.3.0/../../../../../H-x86_64-mingw32/nios2-elf/lib\libsmallc.a(lib_a-exit.o)
 .debug_loc     0x0000000000002526       0x94 c:/intelfpga_lite/18.1/nios2eds/bin/gnu/h-x86_64-mingw32/bin/../lib/gcc/nios2-elf/5.3.0/../../../../../H-x86_64-mingw32/nios2-elf/lib\libsmallc.a(lib_a-memcmp.o)
 .debug_loc     0x00000000000025ba      0x157 c:/intelfpga_lite/18.1/nios2eds/bin/gnu/h-x86_64-mingw32/bin/../lib/gcc/nios2-elf/5.3.0/../../../../../H-x86_64-mingw32/nios2-elf/lib\libsmallc.a(lib_a-__call_atexit.o)

.debug_macinfo
 *(.debug_macinfo)

.debug_weaknames
 *(.debug_weaknames)

.debug_funcnames
 *(.debug_funcnames)

.debug_typenames
 *(.debug_typenames)

.debug_varnames
 *(.debug_varnames)

.debug_alt_sim_info
                0x0000000000000000       0x60
 *(.debug_alt_sim_info)
 .debug_alt_sim_info
                0x0000000000000000       0x30 ../c5_niosii_spi_slvsec_bsp//obj/HAL/src/crt0.o
 .debug_alt_sim_info
                0x0000000000000030       0x30 ../c5_niosii_spi_slvsec_bsp/\libhal_bsp.a(alt_busy_sleep.o)