Flow report for PCIe_DDR3
Thu Feb 03 15:15:35 2022
Quartus Prime Version 18.1.0 Build 625 09/12/2018 SJ Standard Edition


---------------------
; Table of Contents ;
---------------------
  1. Legal Notice
  2. Flow Summary
  3. Flow Settings
  4. Flow Non-Default Global Settings
  5. Flow Elapsed Time
  6. Flow OS Summary
  7. Flow Log
  8. Flow Messages
  9. Flow Suppressed Messages



----------------
; Legal Notice ;
----------------
Copyright (C) 2018  Intel Corporation. All rights reserved.
Your use of Intel Corporation's design tools, logic functions 
and other software and tools, and its AMPP partner logic 
functions, and any output files from any of the foregoing 
(including device programming or simulation files), and any 
associated documentation or information are expressly subject 
to the terms and conditions of the Intel Program License 
Subscription Agreement, the Intel Quartus Prime License Agreement,
the Intel FPGA IP License Agreement, or other applicable license
agreement, including, without limitation, that your use is for
the sole purpose of programming logic devices manufactured by
Intel and sold by Intel or its authorized distributors.  Please
refer to the applicable agreement for further details.



+-----------------------------------------------------------------------------------+
; Flow Summary                                                                      ;
+---------------------------------+-------------------------------------------------+
; Flow Status                     ; Successful - Thu Feb 03 15:13:54 2022           ;
; Quartus Prime Version           ; 18.1.0 Build 625 09/12/2018 SJ Standard Edition ;
; Revision Name                   ; PCIe_DDR3                                       ;
; Top-level Entity Name           ; PCIe_DDR3                                       ;
; Family                          ; Cyclone V                                       ;
; Device                          ; 5CGTFD9D5F27C7                                  ;
; Timing Models                   ; Final                                           ;
; Logic utilization (in ALMs)     ; 21,737 / 113,560 ( 19 % )                       ;
; Total registers                 ; 37759                                           ;
; Total pins                      ; 217 / 378 ( 57 % )                              ;
; Total virtual pins              ; 0                                               ;
; Total block memory bits         ; 4,106,380 / 12,492,800 ( 33 % )                 ;
; Total DSP Blocks                ; 7 / 342 ( 2 % )                                 ;
; Total HSSI RX PCSs              ; 4 / 9 ( 44 % )                                  ;
; Total HSSI PMA RX Deserializers ; 4 / 9 ( 44 % )                                  ;
; Total HSSI TX PCSs              ; 4 / 9 ( 44 % )                                  ;
; Total HSSI PMA TX Serializers   ; 4 / 9 ( 44 % )                                  ;
; Total PLLs                      ; 7 / 17 ( 41 % )                                 ;
; Total DLLs                      ; 1 / 4 ( 25 % )                                  ;
+---------------------------------+-------------------------------------------------+


+-----------------------------------------+
; Flow Settings                           ;
+-------------------+---------------------+
; Option            ; Setting             ;
+-------------------+---------------------+
; Start date & time ; 02/03/2022 14:50:32 ;
; Main task         ; Compilation         ;
; Revision Name     ; PCIe_DDR3           ;
+-------------------+---------------------+


+---------------------------------------------------------------------------------------------------------------------------+
; Flow Non-Default Global Settings                                                                                          ;
+---------------------------------------+----------------------------------------+---------------+-------------+------------+
; Assignment Name                       ; Value                                  ; Default Value ; Entity Name ; Section Id ;
+---------------------------------------+----------------------------------------+---------------+-------------+------------+
; COMPILER_SIGNATURE_ID                 ; 84084429306148.164392863015504         ; --            ; --          ; --         ;
; ECO_REGENERATE_REPORT                 ; On                                     ; Off           ; --          ; --         ;
; FITTER_EFFORT                         ; Standard Fit                           ; Auto Fit      ; --          ; --         ;
; MAX_CORE_JUNCTION_TEMP                ; 85                                     ; --            ; --          ; --         ;
; MIN_CORE_JUNCTION_TEMP                ; 0                                      ; --            ; --          ; --         ;
; MUX_RESTRUCTURE                       ; Off                                    ; Auto          ; --          ; --         ;
; NUM_PARALLEL_PROCESSORS               ; All                                    ; --            ; --          ; --         ;
; OPTIMIZATION_MODE                     ; Aggressive Performance                 ; Balanced      ; --          ; --         ;
; OPTIMIZATION_TECHNIQUE                ; Speed                                  ; Balanced      ; --          ; --         ;
; OUTPUT_IO_TIMING_FAR_END_VMEAS        ; Half Signal Swing                      ; --            ; --          ; --         ;
; OUTPUT_IO_TIMING_FAR_END_VMEAS        ; Half Signal Swing                      ; --            ; --          ; --         ;
; OUTPUT_IO_TIMING_NEAR_END_VMEAS       ; Half Vccio                             ; --            ; --          ; --         ;
; OUTPUT_IO_TIMING_NEAR_END_VMEAS       ; Half Vccio                             ; --            ; --          ; --         ;
; PARTITION_COLOR                       ; -- (Not supported for targeted family) ; --            ; --          ; Top        ;
; PARTITION_FITTER_PRESERVATION_LEVEL   ; -- (Not supported for targeted family) ; --            ; --          ; Top        ;
; PARTITION_NETLIST_TYPE                ; -- (Not supported for targeted family) ; --            ; --          ; Top        ;
; PHYSICAL_SYNTHESIS_COMBO_LOGIC        ; On                                     ; Off           ; --          ; --         ;
; PHYSICAL_SYNTHESIS_REGISTER_RETIMING  ; On                                     ; Off           ; --          ; --         ;
; PLACEMENT_EFFORT_MULTIPLIER           ; 4.0                                    ; 1.0           ; --          ; --         ;
; POWER_BOARD_THERMAL_MODEL             ; None (CONSERVATIVE)                    ; --            ; --          ; --         ;
; POWER_PRESET_COOLING_SOLUTION         ; 23 MM HEAT SINK WITH 200 LFPM AIRFLOW  ; --            ; --          ; --         ;
; PROJECT_OUTPUT_DIRECTORY              ; output_files                           ; --            ; --          ; --         ;
; ROUTER_TIMING_OPTIMIZATION_LEVEL      ; MAXIMUM                                ; Normal        ; --          ; --         ;
; SEED                                  ; 5                                      ; 1             ; --          ; --         ;
; USE_DLL_FREQUENCY_FOR_DQS_DELAY_CHAIN ; On                                     ; Off           ; --          ; --         ;
+---------------------------------------+----------------------------------------+---------------+-------------+------------+


+--------------------------------------------------------------------------------------------------------------------------+
; Flow Elapsed Time                                                                                                        ;
+----------------------+--------------+-------------------------+---------------------+------------------------------------+
; Module Name          ; Elapsed Time ; Average Processors Used ; Peak Virtual Memory ; Total CPU Time (on all processors) ;
+----------------------+--------------+-------------------------+---------------------+------------------------------------+
; Analysis & Synthesis ; 00:07:50     ; 1.2                     ; 6717 MB             ; 00:10:52                           ;
; Fitter               ; 00:13:58     ; 1.4                     ; 10313 MB            ; 00:38:40                           ;
; Assembler            ; 00:00:31     ; 1.0                     ; 5384 MB             ; 00:00:31                           ;
; Timing Analyzer      ; 00:01:39     ; 2.9                     ; 6998 MB             ; 00:04:31                           ;
; Total                ; 00:23:58     ; --                      ; --                  ; 00:54:34                           ;
+----------------------+--------------+-------------------------+---------------------+------------------------------------+


+------------------------------------------------------------------------------------+
; Flow OS Summary                                                                    ;
+----------------------+------------------+------------+------------+----------------+
; Module Name          ; Machine Hostname ; OS Name    ; OS Version ; Processor type ;
+----------------------+------------------+------------+------------+----------------+
; Analysis & Synthesis ; HungLam          ; Windows 10 ; 10.0       ; x86_64         ;
; Fitter               ; HungLam          ; Windows 10 ; 10.0       ; x86_64         ;
; Assembler            ; HungLam          ; Windows 10 ; 10.0       ; x86_64         ;
; Timing Analyzer      ; HungLam          ; Windows 10 ; 10.0       ; x86_64         ;
+----------------------+------------------+------------+------------+----------------+


------------
; Flow Log ;
------------
quartus_map --read_settings_files=on --write_settings_files=off PCIe_DDR3 -c PCIe_DDR3
quartus_fit --read_settings_files=off --write_settings_files=off PCIe_DDR3 -c PCIe_DDR3
quartus_asm --read_settings_files=off --write_settings_files=off PCIe_DDR3 -c PCIe_DDR3
quartus_sta PCIe_DDR3 -c PCIe_DDR3



